Component: ARM Compiler 5.06 update 3 (build 300) Tool: armlink [4d35c9]

==============================================================================

Section Cross References

    startup_skeaz1284.o(RESET) refers to startup_skeaz1284.o(STACK) for __initial_sp
    startup_skeaz1284.o(RESET) refers to startup_skeaz1284.o(.text) for Reset_Handler
    startup_skeaz1284.o(RESET) refers to isr.o(i.IRQ_IRQHandler) for IRQ_IRQHandler
    startup_skeaz1284.o(RESET) refers to isr.o(i.PIT_CH0_IRQHandler) for PIT_CH0_IRQHandler
    startup_skeaz1284.o(RESET) refers to isr.o(i.PIT_CH1_IRQHandler) for PIT_CH1_IRQHandler
    startup_skeaz1284.o(RESET) refers to isr.o(i.KBI0_IRQHandler) for KBI0_IRQHandler
    startup_skeaz1284.o(.text) refers to system_skeaz1284.o(i.Start) for Start
    startup_skeaz1284.o(.text) refers to entry.o(.ARM.Collect$$$$00000000) for __main
    system_skeaz1284.o(i.Start) refers to system_skeaz1284.o(i.disable_wdog) for disable_wdog
    common.o(i.get_clk) refers to memcpya.o(.text) for __aeabi_memcpy4
    common.o(i.get_clk) refers to uidiv.o(.text) for __aeabi_uidivmod
    common.o(i.get_clk) refers to kea128_uart.o(i.uart_init) for uart_init
    common.o(i.get_clk) refers to common.o(.constdata) for .constdata
    common.o(i.get_clk) refers to common.o(.data) for ics_clk_khz
    kea128_flash.o(i.FLASH_EraseSector) refers to kea128_flash.o(i.FlashCmdStart) for FlashCmdStart
    kea128_flash.o(i.FLASH_Init) refers to uidiv.o(.text) for __aeabi_uidivmod
    kea128_flash.o(i.FLASH_Init) refers to common.o(.data) for bus_clk_khz
    kea128_flash.o(i.FLASH_WriteSector) refers to kea128_flash.o(i.FlashCmdStart) for FlashCmdStart
    kea128_flash.o(i.FlashCmdStart) refers to kea128_flash.o(.data) for s_flash_command_run
    kea128_ftm.o(i.ftm_count_clean) refers to kea128_ftm.o(.constdata) for FTMX
    kea128_ftm.o(i.ftm_count_get) refers to kea128_ftm.o(.constdata) for FTMX
    kea128_ftm.o(i.ftm_count_init) refers to kea128_ftm.o(i.ftm_count_mux) for ftm_count_mux
    kea128_ftm.o(i.ftm_count_init) refers to kea128_ftm.o(.constdata) for FTMX
    kea128_ftm.o(i.ftm_count_mux) refers to kea128_port.o(i.port_pull) for port_pull
    kea128_ftm.o(i.ftm_pwm_duty) refers to uidiv.o(.text) for __aeabi_uidivmod
    kea128_ftm.o(i.ftm_pwm_duty) refers to kea128_ftm.o(.data) for period
    kea128_ftm.o(i.ftm_pwm_duty) refers to kea128_ftm.o(.constdata) for FTMX
    kea128_ftm.o(i.ftm_pwm_freq) refers to uidiv.o(.text) for __aeabi_uidivmod
    kea128_ftm.o(i.ftm_pwm_freq) refers to common.o(.data) for ftm_clk_khz
    kea128_ftm.o(i.ftm_pwm_freq) refers to kea128_ftm.o(.data) for period
    kea128_ftm.o(i.ftm_pwm_freq) refers to kea128_ftm.o(.constdata) for FTMX
    kea128_ftm.o(i.ftm_pwm_init) refers to kea128_ftm.o(i.ftm_pwm_mux) for ftm_pwm_mux
    kea128_ftm.o(i.ftm_pwm_init) refers to uidiv.o(.text) for __aeabi_uidivmod
    kea128_ftm.o(i.ftm_pwm_init) refers to common.o(.data) for ftm_clk_khz
    kea128_ftm.o(i.ftm_pwm_init) refers to kea128_ftm.o(.data) for period
    kea128_ftm.o(i.ftm_pwm_init) refers to kea128_ftm.o(.constdata) for FTMX
    kea128_ftm.o(i.ftm_pwm_mux) refers to kea128_ftm.o(i.__ARM_common_switch8) for __ARM_common_switch8
    kea128_gpio.o(i.gpio_ddr) refers to kea128_gpio.o(.constdata) for GPIOX
    kea128_gpio.o(i.gpio_get) refers to kea128_gpio.o(.constdata) for GPIOX
    kea128_gpio.o(i.gpio_init) refers to kea128_gpio.o(.constdata) for GPIOX
    kea128_gpio.o(i.gpio_set) refers to kea128_gpio.o(.constdata) for GPIOX
    kea128_gpio.o(i.gpio_turn) refers to kea128_gpio.o(.constdata) for GPIOX
    kea128_kbi.o(i.kbi_init) refers to kea128_port.o(i.port_pull) for port_pull
    kea128_kbi.o(i.kbi_init) refers to kea128_kbi.o(.data) for kbi
    kea128_uart.o(i.fputc) refers to kea128_uart.o(i.uart_putchar) for uart_putchar
    kea128_uart.o(i.uart_getchar) refers to kea128_uart.o(.data) for uart
    kea128_uart.o(i.uart_init) refers to kea128_uart.o(i.uart_mux) for uart_mux
    kea128_uart.o(i.uart_init) refers to uidiv.o(.text) for __aeabi_uidivmod
    kea128_uart.o(i.uart_init) refers to kea128_uart.o(.data) for uart
    kea128_uart.o(i.uart_init) refers to common.o(.data) for bus_clk_khz
    kea128_uart.o(i.uart_mux) refers to kea128_port.o(i.port_pull) for port_pull
    kea128_uart.o(i.uart_putbuff) refers to kea128_uart.o(i.uart_putchar) for uart_putchar
    kea128_uart.o(i.uart_putchar) refers to kea128_uart.o(.data) for uart
    kea128_uart.o(i.uart_putstr) refers to kea128_uart.o(i.uart_putchar) for uart_putchar
    kea128_uart.o(i.uart_rx_irq_dis) refers to kea128_uart.o(i.NVIC_DisableIRQ) for NVIC_DisableIRQ
    kea128_uart.o(i.uart_rx_irq_dis) refers to kea128_uart.o(.data) for uart
    kea128_uart.o(i.uart_rx_irq_en) refers to kea128_uart.o(i.NVIC_EnableIRQ) for NVIC_EnableIRQ
    kea128_uart.o(i.uart_rx_irq_en) refers to kea128_uart.o(.data) for uart
    kea128_uart.o(i.uart_txc_irq_dis) refers to kea128_uart.o(i.NVIC_DisableIRQ) for NVIC_DisableIRQ
    kea128_uart.o(i.uart_txc_irq_dis) refers to kea128_uart.o(.data) for uart
    kea128_uart.o(i.uart_txc_irq_en) refers to kea128_uart.o(i.NVIC_EnableIRQ) for NVIC_EnableIRQ
    kea128_uart.o(i.uart_txc_irq_en) refers to kea128_uart.o(.data) for uart
    kea128_systick.o(i.systick_delay_ms) refers to kea128_systick.o(i.systick_delay) for systick_delay
    kea128_systick.o(i.systick_delay_ms) refers to common.o(.data) for core_clk_khz
    kea128_i2c.o(i.i2c_Wait) refers to seekfree_iic.o(i.IIC_init) for IIC_init
    kea128_i2c.o(i.i2c_Wait) refers to seekfree_iic.o(i.IIC_stop) for IIC_stop
    kea128_i2c.o(i.i2c_Wait) refers to kea128_i2c.o(.data) for I2CN
    kea128_i2c.o(i.i2c_init) refers to memcpya.o(.text) for __aeabi_memcpy4
    kea128_i2c.o(i.i2c_init) refers to uidiv.o(.text) for __aeabi_uidivmod
    kea128_i2c.o(i.i2c_init) refers to kea128_i2c.o(.constdata) for .constdata
    kea128_i2c.o(i.i2c_init) refers to common.o(.data) for bus_clk_khz
    kea128_i2c.o(i.i2c_init) refers to kea128_i2c.o(.data) for I2CN
    kea128_i2c.o(i.i2c_read_reg) refers to kea128_i2c.o(i.i2c_Wait) for i2c_Wait
    kea128_i2c.o(i.i2c_read_reg) refers to kea128_i2c.o(i.i2c_delay) for i2c_delay
    kea128_i2c.o(i.i2c_read_reg) refers to kea128_i2c.o(.data) for I2CN
    kea128_i2c.o(i.i2c_read_reg_bytes) refers to kea128_i2c.o(i.i2c_Wait) for i2c_Wait
    kea128_i2c.o(i.i2c_read_reg_bytes) refers to kea128_i2c.o(i.i2c_delay) for i2c_delay
    kea128_i2c.o(i.i2c_read_reg_bytes) refers to kea128_i2c.o(.data) for I2CN
    kea128_i2c.o(i.i2c_write_reg) refers to kea128_i2c.o(i.i2c_Wait) for i2c_Wait
    kea128_i2c.o(i.i2c_write_reg) refers to kea128_i2c.o(i.i2c_delay) for i2c_delay
    kea128_i2c.o(i.i2c_write_reg) refers to kea128_i2c.o(.data) for I2CN
    kea128_spi.o(i.spi_init) refers to memcpya.o(.text) for __aeabi_memcpy4
    kea128_spi.o(i.spi_init) refers to uidiv.o(.text) for __aeabi_uidivmod
    kea128_spi.o(i.spi_init) refers to kea128_spi.o(.constdata) for .constdata
    kea128_spi.o(i.spi_init) refers to common.o(.data) for bus_clk_khz
    kea128_spi.o(i.spi_init) refers to kea128_spi.o(.data) for SPIN
    kea128_spi.o(i.spi_mosi) refers to kea128_spi.o(.data) for SPIN
    kea128_spi.o(i.spi_mosi_cmd) refers to kea128_spi.o(i.spi_mosi) for spi_mosi
    seekfree_18tft.o(i.LCD_WriteData_16Bit) refers to kea128_gpio.o(i.gpio_set) for gpio_set
    seekfree_18tft.o(i.LCD_WriteData_16Bit) refers to kea128_spi.o(i.spi_mosi) for spi_mosi
    seekfree_18tft.o(i.Lcd_SetRegion) refers to seekfree_18tft.o(i.Lcd_WriteIndex) for Lcd_WriteIndex
    seekfree_18tft.o(i.Lcd_SetRegion) refers to seekfree_18tft.o(i.Lcd_WriteData) for Lcd_WriteData
    seekfree_18tft.o(i.Lcd_WriteData) refers to kea128_gpio.o(i.gpio_set) for gpio_set
    seekfree_18tft.o(i.Lcd_WriteData) refers to kea128_spi.o(i.spi_mosi) for spi_mosi
    seekfree_18tft.o(i.Lcd_WriteIndex) refers to kea128_gpio.o(i.gpio_set) for gpio_set
    seekfree_18tft.o(i.Lcd_WriteIndex) refers to kea128_spi.o(i.spi_mosi) for spi_mosi
    seekfree_18tft.o(i.dsp_single_colour) refers to seekfree_18tft.o(i.Lcd_SetRegion) for Lcd_SetRegion
    seekfree_18tft.o(i.dsp_single_colour) refers to seekfree_18tft.o(i.LCD_WriteData_16Bit) for LCD_WriteData_16Bit
    seekfree_18tft.o(i.lcd_init) refers to kea128_spi.o(i.spi_init) for spi_init
    seekfree_18tft.o(i.lcd_init) refers to kea128_gpio.o(i.gpio_init) for gpio_init
    seekfree_18tft.o(i.lcd_init) refers to kea128_gpio.o(i.gpio_set) for gpio_set
    seekfree_18tft.o(i.lcd_init) refers to seekfree_18tft.o(i.tft_delay) for tft_delay
    seekfree_18tft.o(i.lcd_init) refers to seekfree_18tft.o(i.Lcd_WriteIndex) for Lcd_WriteIndex
    seekfree_18tft.o(i.lcd_init) refers to seekfree_18tft.o(i.Lcd_WriteData) for Lcd_WriteData
    seekfree_18tft.o(i.lcd_init) refers to seekfree_18tft.o(i.dsp_single_colour) for dsp_single_colour
    seekfree_18tft.o(i.lcd_showchar) refers to seekfree_18tft.o(i.Lcd_SetRegion) for Lcd_SetRegion
    seekfree_18tft.o(i.lcd_showchar) refers to seekfree_18tft.o(i.LCD_WriteData_16Bit) for LCD_WriteData_16Bit
    seekfree_18tft.o(i.lcd_showchar) refers to font.o(.constdata) for tft_ascii
    seekfree_18tft.o(i.lcd_showint16) refers to seekfree_18tft.o(i.lcd_showchar) for lcd_showchar
    seekfree_18tft.o(i.lcd_showint16) refers to idiv.o(.text) for __aeabi_idivmod
    seekfree_18tft.o(i.lcd_showint8) refers to seekfree_18tft.o(i.lcd_showchar) for lcd_showchar
    seekfree_18tft.o(i.lcd_showint8) refers to idiv.o(.text) for __aeabi_idivmod
    seekfree_18tft.o(i.lcd_showstr) refers to seekfree_18tft.o(i.lcd_showchar) for lcd_showchar
    seekfree_18tft.o(i.lcd_showuint16) refers to idiv.o(.text) for __aeabi_idivmod
    seekfree_18tft.o(i.lcd_showuint16) refers to seekfree_18tft.o(i.lcd_showchar) for lcd_showchar
    seekfree_18tft.o(i.lcd_showuint8) refers to idiv.o(.text) for __aeabi_idivmod
    seekfree_18tft.o(i.lcd_showuint8) refers to seekfree_18tft.o(i.lcd_showchar) for lcd_showchar
    seekfree_18tft.o(i.showimage) refers to seekfree_18tft.o(i.dsp_single_colour) for dsp_single_colour
    seekfree_18tft.o(i.showimage) refers to seekfree_18tft.o(i.Lcd_SetRegion) for Lcd_SetRegion
    seekfree_18tft.o(i.showimage) refers to seekfree_18tft.o(i.LCD_WriteData_16Bit) for LCD_WriteData_16Bit
    seekfree_fun.o(i.limit) refers to ffltui.o(.text) for __aeabi_ui2f
    seekfree_fun.o(i.limit) refers to cfcmple.o(.text) for __aeabi_cfcmple
    seekfree_fun.o(i.limit) refers to fflti.o(.text) for __aeabi_i2f
    seekfree_fun.o(i.limit) refers to cfrcmple.o(.text) for __aeabi_cfrcmple
    seekfree_iic.o(i.I2C_SendACK) refers to kea128_gpio.o(i.gpio_set) for gpio_set
    seekfree_iic.o(i.I2C_SendACK) refers to seekfree_iic.o(i.simiic_delay) for simiic_delay
    seekfree_iic.o(i.IIC_init) refers to kea128_gpio.o(i.gpio_init) for gpio_init
    seekfree_iic.o(i.IIC_init) refers to kea128_port.o(i.port_pull) for port_pull
    seekfree_iic.o(i.IIC_start) refers to kea128_gpio.o(i.gpio_set) for gpio_set
    seekfree_iic.o(i.IIC_start) refers to seekfree_iic.o(i.simiic_delay) for simiic_delay
    seekfree_iic.o(i.IIC_stop) refers to kea128_gpio.o(i.gpio_set) for gpio_set
    seekfree_iic.o(i.IIC_stop) refers to seekfree_iic.o(i.simiic_delay) for simiic_delay
    seekfree_iic.o(i.SCCB_WaitAck) refers to kea128_gpio.o(i.gpio_set) for gpio_set
    seekfree_iic.o(i.SCCB_WaitAck) refers to kea128_gpio.o(i.gpio_ddr) for gpio_ddr
    seekfree_iic.o(i.SCCB_WaitAck) refers to seekfree_iic.o(i.simiic_delay) for simiic_delay
    seekfree_iic.o(i.SCCB_WaitAck) refers to kea128_gpio.o(i.gpio_get) for gpio_get
    seekfree_iic.o(i.read_ch) refers to kea128_gpio.o(i.gpio_set) for gpio_set
    seekfree_iic.o(i.read_ch) refers to seekfree_iic.o(i.simiic_delay) for simiic_delay
    seekfree_iic.o(i.read_ch) refers to kea128_gpio.o(i.gpio_ddr) for gpio_ddr
    seekfree_iic.o(i.read_ch) refers to kea128_gpio.o(i.gpio_get) for gpio_get
    seekfree_iic.o(i.read_ch) refers to seekfree_iic.o(i.I2C_SendACK) for I2C_SendACK
    seekfree_iic.o(i.send_ch) refers to kea128_gpio.o(i.gpio_set) for gpio_set
    seekfree_iic.o(i.send_ch) refers to seekfree_iic.o(i.simiic_delay) for simiic_delay
    seekfree_iic.o(i.send_ch) refers to seekfree_iic.o(i.SCCB_WaitAck) for SCCB_WaitAck
    seekfree_iic.o(i.simiic_read_reg) refers to seekfree_iic.o(i.IIC_start) for IIC_start
    seekfree_iic.o(i.simiic_read_reg) refers to seekfree_iic.o(i.send_ch) for send_ch
    seekfree_iic.o(i.simiic_read_reg) refers to seekfree_iic.o(i.IIC_stop) for IIC_stop
    seekfree_iic.o(i.simiic_read_reg) refers to seekfree_iic.o(i.read_ch) for read_ch
    seekfree_iic.o(i.simiic_read_regs) refers to seekfree_iic.o(i.IIC_start) for IIC_start
    seekfree_iic.o(i.simiic_read_regs) refers to seekfree_iic.o(i.send_ch) for send_ch
    seekfree_iic.o(i.simiic_read_regs) refers to seekfree_iic.o(i.IIC_stop) for IIC_stop
    seekfree_iic.o(i.simiic_read_regs) refers to seekfree_iic.o(i.read_ch) for read_ch
    seekfree_iic.o(i.simiic_write_reg) refers to seekfree_iic.o(i.IIC_start) for IIC_start
    seekfree_iic.o(i.simiic_write_reg) refers to seekfree_iic.o(i.send_ch) for send_ch
    seekfree_iic.o(i.simiic_write_reg) refers to seekfree_iic.o(i.IIC_stop) for IIC_stop
    seekfree_l3g4200d.o(i.InitL3G4200D) refers to seekfree_iic.o(i.simiic_write_reg) for simiic_write_reg
    seekfree_l3g4200d.o(i.InitL3G4200D) refers to seekfree_iic.o(i.simiic_read_reg) for simiic_read_reg
    seekfree_l3g4200d.o(i.InitL3G4200D) refers to seekfree_l3g4200d.o(.data) for Temperature
    seekfree_l3g4200d.o(i.get_l3g4200d) refers to seekfree_iic.o(i.simiic_read_reg) for simiic_read_reg
    seekfree_l3g4200d.o(i.get_l3g4200d) refers to seekfree_iic.o(i.simiic_read_regs) for simiic_read_regs
    seekfree_l3g4200d.o(i.get_l3g4200d) refers to seekfree_l3g4200d.o(.data) for gyro_x
    seekfree_mma8451.o(i.MMA845x_init) refers to seekfree_iic.o(i.simiic_write_reg) for simiic_write_reg
    seekfree_mma8451.o(i.MMA845x_init) refers to seekfree_iic.o(i.simiic_read_reg) for simiic_read_reg
    seekfree_mma8451.o(i.get_mma8451) refers to seekfree_iic.o(i.simiic_read_regs) for simiic_read_regs
    seekfree_mma8451.o(i.get_mma8451) refers to seekfree_mma8451.o(.data) for acc_x
    seekfree_mpu6050.o(i.GetData) refers to seekfree_iic.o(i.simiic_read_reg) for simiic_read_reg
    seekfree_mpu6050.o(i.Get_AccData) refers to seekfree_iic.o(i.simiic_read_regs) for simiic_read_regs
    seekfree_mpu6050.o(i.Get_AccData) refers to seekfree_mpu6050.o(.data) for mpu_acc_x
    seekfree_mpu6050.o(i.Get_Gyro) refers to seekfree_iic.o(i.simiic_read_regs) for simiic_read_regs
    seekfree_mpu6050.o(i.Get_Gyro) refers to seekfree_mpu6050.o(.data) for mpu_gyro_x
    seekfree_mpu6050.o(i.InitMPU6050) refers to seekfree_iic.o(i.simiic_write_reg) for simiic_write_reg
    seekfree_nrf24l01.o(i.NRF_Dev_Init) refers to kea128_gpio.o(i.gpio_init) for gpio_init
    seekfree_nrf24l01.o(i.NRF_Dev_Init) refers to kea128_port.o(i.port_pull) for port_pull
    seekfree_nrf24l01.o(i.NRF_Dev_Init) refers to kea128_gpio.o(i.gpio_set) for gpio_set
    seekfree_nrf24l01.o(i.NRF_Dev_Init) refers to seekfree_nrf24l01.o(i.NRF_SPI_W_Reg_Byte) for NRF_SPI_W_Reg_Byte
    seekfree_nrf24l01.o(i.NRF_Dev_Init) refers to seekfree_nrf24l01.o(i.NRF_SPI_W_Reg_Burst) for NRF_SPI_W_Reg_Burst
    seekfree_nrf24l01.o(i.NRF_Dev_Init) refers to seekfree_nrf24l01.o(i.NRF_SPI_W_Cmd_Byte) for NRF_SPI_W_Cmd_Byte
    seekfree_nrf24l01.o(i.NRF_Dev_Init) refers to seekfree_nrf24l01.o(.data) for NRF_RF_Addr
    seekfree_nrf24l01.o(i.NRF_Rece_Packet) refers to kea128_gpio.o(i.gpio_get) for gpio_get
    seekfree_nrf24l01.o(i.NRF_Rece_Packet) refers to seekfree_nrf24l01.o(i.NRF_SPI_R_Reg_Byte) for NRF_SPI_R_Reg_Byte
    seekfree_nrf24l01.o(i.NRF_Rece_Packet) refers to seekfree_nrf24l01.o(i.NRF_SPI_W_Reg_Byte) for NRF_SPI_W_Reg_Byte
    seekfree_nrf24l01.o(i.NRF_Rece_Packet) refers to seekfree_nrf24l01.o(i.NRF_SPI_R_Reg_Burst) for NRF_SPI_R_Reg_Burst
    seekfree_nrf24l01.o(i.NRF_SPI_R_Reg_Burst) refers to kea128_gpio.o(i.gpio_set) for gpio_set
    seekfree_nrf24l01.o(i.NRF_SPI_R_Reg_Burst) refers to seekfree_nrf24l01.o(i.NRF_SPI_WR_Byte) for NRF_SPI_WR_Byte
    seekfree_nrf24l01.o(i.NRF_SPI_R_Reg_Byte) refers to kea128_gpio.o(i.gpio_set) for gpio_set
    seekfree_nrf24l01.o(i.NRF_SPI_R_Reg_Byte) refers to seekfree_nrf24l01.o(i.NRF_SPI_WR_Byte) for NRF_SPI_WR_Byte
    seekfree_nrf24l01.o(i.NRF_SPI_WR_Byte) refers to kea128_gpio.o(i.gpio_set) for gpio_set
    seekfree_nrf24l01.o(i.NRF_SPI_WR_Byte) refers to kea128_gpio.o(i.gpio_get) for gpio_get
    seekfree_nrf24l01.o(i.NRF_SPI_W_Cmd_Byte) refers to kea128_gpio.o(i.gpio_set) for gpio_set
    seekfree_nrf24l01.o(i.NRF_SPI_W_Cmd_Byte) refers to seekfree_nrf24l01.o(i.NRF_SPI_WR_Byte) for NRF_SPI_WR_Byte
    seekfree_nrf24l01.o(i.NRF_SPI_W_Reg_Burst) refers to kea128_gpio.o(i.gpio_set) for gpio_set
    seekfree_nrf24l01.o(i.NRF_SPI_W_Reg_Burst) refers to seekfree_nrf24l01.o(i.NRF_SPI_WR_Byte) for NRF_SPI_WR_Byte
    seekfree_nrf24l01.o(i.NRF_SPI_W_Reg_Byte) refers to kea128_gpio.o(i.gpio_set) for gpio_set
    seekfree_nrf24l01.o(i.NRF_SPI_W_Reg_Byte) refers to seekfree_nrf24l01.o(i.NRF_SPI_WR_Byte) for NRF_SPI_WR_Byte
    seekfree_nrf24l01.o(i.NRF_Send_Packet) refers to kea128_gpio.o(i.gpio_set) for gpio_set
    seekfree_nrf24l01.o(i.NRF_Send_Packet) refers to seekfree_nrf24l01.o(i.NRF_SPI_W_Reg_Byte) for NRF_SPI_W_Reg_Byte
    seekfree_nrf24l01.o(i.NRF_Send_Packet) refers to seekfree_nrf24l01.o(i.NRF_SPI_W_Reg_Burst) for NRF_SPI_W_Reg_Burst
    seekfree_nrf24l01.o(i.NRF_Send_Packet) refers to seekfree_nrf24l01.o(i.NRF_SPI_R_Reg_Byte) for NRF_SPI_R_Reg_Byte
    seekfree_nrf24l01.o(i.NRF_Send_Packet) refers to seekfree_nrf24l01.o(.data) for NRF_RF_Addr
    seekfree_oled.o(i.OLED_ClrPixel) refers to seekfree_oled.o(i.OLED_Set_Pos) for OLED_Set_Pos
    seekfree_oled.o(i.OLED_ClrPixel) refers to seekfree_oled.o(i.OLED_WrCmd) for OLED_WrCmd
    seekfree_oled.o(i.OLED_ClrPixel) refers to seekfree_oled.o(i.OLED_WrDat) for OLED_WrDat
    seekfree_oled.o(i.OLED_Fill) refers to seekfree_oled.o(i.OLED_WrCmd) for OLED_WrCmd
    seekfree_oled.o(i.OLED_Fill) refers to seekfree_oled.o(i.OLED_WrDat) for OLED_WrDat
    seekfree_oled.o(i.OLED_HEXACSII) refers to idiv.o(.text) for __aeabi_idivmod
    seekfree_oled.o(i.OLED_Init) refers to kea128_gpio.o(i.gpio_init) for gpio_init
    seekfree_oled.o(i.OLED_Init) refers to kea128_gpio.o(i.gpio_set) for gpio_set
    seekfree_oled.o(i.OLED_Init) refers to seekfree_oled.o(i.OLED_DLY_ms) for OLED_DLY_ms
    seekfree_oled.o(i.OLED_Init) refers to seekfree_oled.o(i.OLED_WrCmd) for OLED_WrCmd
    seekfree_oled.o(i.OLED_Init) refers to seekfree_oled.o(i.OLED_Fill) for OLED_Fill
    seekfree_oled.o(i.OLED_Init) refers to seekfree_oled.o(i.OLED_Set_Pos) for OLED_Set_Pos
    seekfree_oled.o(i.OLED_P6x8Str) refers to seekfree_oled.o(i.OLED_Set_Pos) for OLED_Set_Pos
    seekfree_oled.o(i.OLED_P6x8Str) refers to seekfree_oled.o(i.OLED_WrDat) for OLED_WrDat
    seekfree_oled.o(i.OLED_P6x8Str) refers to seekfree_oled.o(.constdata) for F6x8
    seekfree_oled.o(i.OLED_P8x16Str) refers to seekfree_oled.o(i.OLED_Set_Pos) for OLED_Set_Pos
    seekfree_oled.o(i.OLED_P8x16Str) refers to seekfree_oled.o(i.OLED_WrDat) for OLED_WrDat
    seekfree_oled.o(i.OLED_P8x16Str) refers to seekfree_oled.o(.constdata) for F8X16
    seekfree_oled.o(i.OLED_Print_Num) refers to seekfree_oled.o(i.OLED_HEXACSII) for OLED_HEXACSII
    seekfree_oled.o(i.OLED_Print_Num) refers to seekfree_oled.o(i.OLED_P8x16Str) for OLED_P8x16Str
    seekfree_oled.o(i.OLED_Print_Num1) refers to seekfree_oled.o(i.OLED_P6x8Str) for OLED_P6x8Str
    seekfree_oled.o(i.OLED_Print_Num1) refers to seekfree_oled.o(i.OLED_HEXACSII) for OLED_HEXACSII
    seekfree_oled.o(i.OLED_PutPixel) refers to seekfree_oled.o(i.OLED_Set_Pos) for OLED_Set_Pos
    seekfree_oled.o(i.OLED_PutPixel) refers to seekfree_oled.o(i.OLED_WrCmd) for OLED_WrCmd
    seekfree_oled.o(i.OLED_PutPixel) refers to seekfree_oled.o(i.OLED_WrDat) for OLED_WrDat
    seekfree_oled.o(i.OLED_Set_Pos) refers to seekfree_oled.o(i.OLED_WrCmd) for OLED_WrCmd
    seekfree_oled.o(i.OLED_Wr6Dat) refers to kea128_gpio.o(i.gpio_set) for gpio_set
    seekfree_oled.o(i.OLED_WrCmd) refers to kea128_gpio.o(i.gpio_set) for gpio_set
    seekfree_oled.o(i.OLED_WrDat) refers to kea128_gpio.o(i.gpio_set) for gpio_set
    seekfree_oled.o(i.dis_bmp) refers to seekfree_oled.o(i.OLED_Set_Pos) for OLED_Set_Pos
    seekfree_oled.o(i.dis_bmp) refers to seekfree_oled.o(i.OLED_WrDat) for OLED_WrDat
    seekfree_tsl1401.o(i.ccd_collect) refers to kea128_gpio.o(i.gpio_set) for gpio_set
    seekfree_tsl1401.o(i.ccd_collect) refers to kea128_adc.o(i.adc_once) for adc_once
    seekfree_tsl1401.o(i.ccd_collect) refers to seekfree_tsl1401.o(.bss) for ccd_data
    seekfree_tsl1401.o(i.ccd_init) refers to kea128_adc.o(i.adc_init) for adc_init
    seekfree_tsl1401.o(i.ccd_init) refers to kea128_gpio.o(i.gpio_init) for gpio_init
    seekfree_tsl1401.o(i.ccd_init) refers to kea128_pit.o(i.pit_init) for pit_init
    seekfree_tsl1401.o(i.ccd_init) refers to seekfree_tsl1401.o(i.NVIC_SetPriority) for NVIC_SetPriority
    seekfree_tsl1401.o(i.ccd_init) refers to common.o(.data) for bus_clk_khz
    isr.o(i.PIT_CH0_IRQHandler) refers to angle.o(i.accel_angle) for accel_angle
    isr.o(i.PIT_CH0_IRQHandler) refers to angle.o(i.gy_angle) for gy_angle
    isr.o(i.PIT_CH0_IRQHandler) refers to ffixi.o(.text) for __aeabi_f2iz
    isr.o(i.PIT_CH0_IRQHandler) refers to angle.o(i.Complement_Filter) for Complement_Filter
    isr.o(i.PIT_CH0_IRQHandler) refers to erection.o(i.zhili_speed) for zhili_speed
    isr.o(i.PIT_CH0_IRQHandler) refers to isr.o(.data) for x
    main.o(i.main) refers to common.o(i.get_clk) for get_clk
    main.o(i.main) refers to kea128_pit.o(i.pit_init) for pit_init
    main.o(i.main) refers to seekfree_iic.o(i.IIC_init) for IIC_init
    main.o(i.main) refers to seekfree_mpu6050.o(i.InitMPU6050) for InitMPU6050
    main.o(i.main) refers to main.o(i.NVIC_SetPriority) for NVIC_SetPriority
    main.o(i.main) refers to main.o(i.vcan_sendware) for vcan_sendware
    main.o(i.main) refers to common.o(.data) for bus_clk_khz
    main.o(i.main) refers to isr.o(.data) for x
    main.o(i.vcan_sendware) refers to kea128_uart.o(i.uart_putbuff) for uart_putbuff
    angle.o(i.Complement_Filter) refers to f2d.o(.text) for __aeabi_f2d
    angle.o(i.Complement_Filter) refers to dmul.o(.text) for __aeabi_dmul
    angle.o(i.Complement_Filter) refers to d2f.o(.text) for __aeabi_d2f
    angle.o(i.Complement_Filter) refers to fflti.o(.text) for __aeabi_i2f
    angle.o(i.Complement_Filter) refers to fadd.o(.text) for __aeabi_fsub
    angle.o(i.Complement_Filter) refers to dadd.o(.text) for __aeabi_dadd
    angle.o(i.Complement_Filter) refers to angle.o(.data) for Complement_angle
    angle.o(i.accel_angle) refers to seekfree_mpu6050.o(i.GetData) for GetData
    angle.o(i.accel_angle) refers to dflti.o(.text) for __aeabi_i2d
    angle.o(i.accel_angle) refers to dadd.o(.text) for __aeabi_dsub
    angle.o(i.accel_angle) refers to ddiv.o(.text) for __aeabi_ddiv
    angle.o(i.accel_angle) refers to asin.o(i.asin) for asin
    angle.o(i.accel_angle) refers to d2f.o(.text) for __aeabi_d2f
    angle.o(i.accel_angle) refers to fmul.o(.text) for __aeabi_fmul
    angle.o(i.accel_angle) refers to ffixi.o(.text) for __aeabi_f2iz
    angle.o(i.accel_angle) refers to angle.o(.data) for acc_angle
    angle.o(i.gy_angle) refers to seekfree_mpu6050.o(i.GetData) for GetData
    angle.o(i.gy_angle) refers to fflti.o(.text) for __aeabi_i2f
    angle.o(i.gy_angle) refers to fadd.o(.text) for __aeabi_fsub
    angle.o(i.gy_angle) refers to f2d.o(.text) for __aeabi_f2d
    angle.o(i.gy_angle) refers to ddiv.o(.text) for __aeabi_ddiv
    angle.o(i.gy_angle) refers to d2f.o(.text) for __aeabi_d2f
    angle.o(i.gy_angle) refers to angle.o(.data) for gyro_angle
    erection.o(i.erec_speed) refers to fflti.o(.text) for __aeabi_i2f
    erection.o(i.erec_speed) refers to fmul.o(.text) for __aeabi_fmul
    erection.o(i.erec_speed) refers to ffixi.o(.text) for __aeabi_f2iz
    erection.o(i.erec_speed) refers to kea128_ftm.o(i.ftm_pwm_duty) for ftm_pwm_duty
    erection.o(i.erec_speed) refers to dflti.o(.text) for __aeabi_i2d
    erection.o(i.erec_speed) refers to dmul.o(.text) for __aeabi_dmul
    erection.o(i.erec_speed) refers to dfixui.o(.text) for __aeabi_d2uiz
    erection.o(i.speed_init) refers to kea128_ftm.o(i.ftm_pwm_init) for ftm_pwm_init
    erection.o(i.zhili_speed) refers to erection.o(i.speed_init) for speed_init
    erection.o(i.zhili_speed) refers to erection.o(i.erec_speed) for erec_speed
    asin.o(i.__softfp_asin) refers (Special) to iusefp.o(.text) for __I$use$fp
    asin.o(i.__softfp_asin) refers to asin.o(i.asin) for asin
    asin.o(i.asin) refers (Special) to iusefp.o(.text) for __I$use$fp
    asin.o(i.asin) refers to dunder.o(i.__mathlib_dbl_infnan) for __mathlib_dbl_infnan
    asin.o(i.asin) refers to dmul.o(.text) for __aeabi_dmul
    asin.o(i.asin) refers to errno.o(i.__set_errno) for __set_errno
    asin.o(i.asin) refers to dunder.o(i.__mathlib_dbl_invalid) for __mathlib_dbl_invalid
    asin.o(i.asin) refers to fpclassify.o(i.__ARM_fpclassify) for __ARM_fpclassify
    asin.o(i.asin) refers to dunder.o(i.__mathlib_dbl_underflow) for __mathlib_dbl_underflow
    asin.o(i.asin) refers to poly.o(i.__kernel_poly) for __kernel_poly
    asin.o(i.asin) refers to dadd.o(.text) for __aeabi_dadd
    asin.o(i.asin) refers to ddiv.o(.text) for __aeabi_ddiv
    asin.o(i.asin) refers to dscalb.o(.text) for __ARM_scalbn
    asin.o(i.asin) refers to sqrt.o(i.sqrt) for sqrt
    asin.o(i.asin) refers to asin.o(.constdata) for .constdata
    asin.o(.constdata) refers (Special) to iusefp.o(.text) for __I$use$fp
    asin_x.o(i.____softfp_asin$lsc) refers (Special) to iusefp.o(.text) for __I$use$fp
    asin_x.o(i.____softfp_asin$lsc) refers to asin_x.o(i.__asin$lsc) for __asin$lsc
    asin_x.o(i.__asin$lsc) refers (Special) to iusefp.o(.text) for __I$use$fp
    asin_x.o(i.__asin$lsc) refers to dunder.o(i.__mathlib_dbl_infnan) for __mathlib_dbl_infnan
    asin_x.o(i.__asin$lsc) refers to dmul.o(.text) for __aeabi_dmul
    asin_x.o(i.__asin$lsc) refers to errno.o(i.__set_errno) for __set_errno
    asin_x.o(i.__asin$lsc) refers to poly.o(i.__kernel_poly) for __kernel_poly
    asin_x.o(i.__asin$lsc) refers to dadd.o(.text) for __aeabi_dadd
    asin_x.o(i.__asin$lsc) refers to ddiv.o(.text) for __aeabi_ddiv
    asin_x.o(i.__asin$lsc) refers to dscalb.o(.text) for __ARM_scalbn
    asin_x.o(i.__asin$lsc) refers to sqrt.o(i.sqrt) for sqrt
    asin_x.o(i.__asin$lsc) refers to asin_x.o(.constdata) for .constdata
    asin_x.o(.constdata) refers (Special) to iusefp.o(.text) for __I$use$fp
    entry.o(.ARM.Collect$$$$00000000) refers (Special) to entry10a.o(.ARM.Collect$$$$0000000D) for __rt_final_cpp
    entry.o(.ARM.Collect$$$$00000000) refers (Special) to entry11a.o(.ARM.Collect$$$$0000000F) for __rt_final_exit
    entry.o(.ARM.Collect$$$$00000000) refers (Special) to entry7b.o(.ARM.Collect$$$$00000008) for _main_clock
    entry.o(.ARM.Collect$$$$00000000) refers (Special) to entry8b.o(.ARM.Collect$$$$0000000A) for _main_cpp_init
    entry.o(.ARM.Collect$$$$00000000) refers (Special) to entry9a.o(.ARM.Collect$$$$0000000B) for _main_init
    entry.o(.ARM.Collect$$$$00000000) refers (Special) to entry5.o(.ARM.Collect$$$$00000004) for _main_scatterload
    entry.o(.ARM.Collect$$$$00000000) refers (Special) to entry2.o(.ARM.Collect$$$$00000001) for _main_stk
    idiv.o(.text) refers to uidiv.o(.text) for __aeabi_uidivmod
    fadd.o(.text) refers (Special) to iusefp.o(.text) for __I$use$fp
    fadd.o(.text) refers to fepilogue.o(.text) for _float_epilogue
    fmul.o(.text) refers (Special) to iusefp.o(.text) for __I$use$fp
    dadd.o(.text) refers (Special) to iusefp.o(.text) for __I$use$fp
    dadd.o(.text) refers to llshl.o(.text) for __aeabi_llsl
    dadd.o(.text) refers to llsshr.o(.text) for __aeabi_lasr
    dadd.o(.text) refers to depilogue.o(.text) for _double_epilogue
    dmul.o(.text) refers (Special) to iusefp.o(.text) for __I$use$fp
    dmul.o(.text) refers to depilogue.o(.text) for _double_epilogue
    ddiv.o(.text) refers (Special) to iusefp.o(.text) for __I$use$fp
    ddiv.o(.text) refers to depilogue.o(.text) for _double_round
    fflti.o(.text) refers (Special) to iusefp.o(.text) for __I$use$fp
    fflti.o(.text) refers to fepilogue.o(.text) for _float_epilogue
    ffltui.o(.text) refers (Special) to iusefp.o(.text) for __I$use$fp
    ffltui.o(.text) refers to fepilogue.o(.text) for _float_epilogue
    dflti.o(.text) refers (Special) to iusefp.o(.text) for __I$use$fp
    dflti.o(.text) refers to depilogue.o(.text) for _double_epilogue
    ffixi.o(.text) refers (Special) to iusefp.o(.text) for __I$use$fp
    dfixui.o(.text) refers (Special) to iusefp.o(.text) for __I$use$fp
    dfixui.o(.text) refers to llushr.o(.text) for __aeabi_llsr
    f2d.o(.text) refers (Special) to iusefp.o(.text) for __I$use$fp
    d2f.o(.text) refers (Special) to iusefp.o(.text) for __I$use$fp
    d2f.o(.text) refers to fepilogue.o(.text) for _float_round
    cfcmple.o(.text) refers (Special) to iusefp.o(.text) for __I$use$fp
    cfrcmple.o(.text) refers (Special) to iusefp.o(.text) for __I$use$fp
    dunder.o(i.__mathlib_dbl_divzero) refers to ddiv.o(.text) for __aeabi_ddiv
    dunder.o(i.__mathlib_dbl_infnan) refers to dscalb.o(.text) for __ARM_scalbn
    dunder.o(i.__mathlib_dbl_infnan2) refers to dadd.o(.text) for __aeabi_dadd
    dunder.o(i.__mathlib_dbl_invalid) refers to ddiv.o(.text) for __aeabi_ddiv
    dunder.o(i.__mathlib_dbl_overflow) refers to dscalb.o(.text) for __ARM_scalbn
    dunder.o(i.__mathlib_dbl_posinfnan) refers to dmul.o(.text) for __aeabi_dmul
    dunder.o(i.__mathlib_dbl_underflow) refers to dscalb.o(.text) for __ARM_scalbn
    fpclassify.o(i.__ARM_fpclassify) refers (Special) to iusefp.o(.text) for __I$use$fp
    poly.o(i.__kernel_poly) refers (Special) to iusefp.o(.text) for __I$use$fp
    poly.o(i.__kernel_poly) refers to dmul.o(.text) for __aeabi_dmul
    poly.o(i.__kernel_poly) refers to dadd.o(.text) for __aeabi_dadd
    sqrt.o(i.__softfp_sqrt) refers (Special) to iusefp.o(.text) for __I$use$fp
    sqrt.o(i.__softfp_sqrt) refers to dsqrt.o(.text) for _dsqrt
    sqrt.o(i.__softfp_sqrt) refers to errno.o(i.__set_errno) for __set_errno
    sqrt.o(i.sqrt) refers (Special) to iusefp.o(.text) for __I$use$fp
    sqrt.o(i.sqrt) refers to dsqrt.o(.text) for _dsqrt
    sqrt.o(i.sqrt) refers to errno.o(i.__set_errno) for __set_errno
    sqrt_x.o(i.____softfp_sqrt$lsc) refers (Special) to iusefp.o(.text) for __I$use$fp
    sqrt_x.o(i.____softfp_sqrt$lsc) refers to cdcmple.o(.text) for __aeabi_cdcmple
    sqrt_x.o(i.____softfp_sqrt$lsc) refers to errno.o(i.__set_errno) for __set_errno
    sqrt_x.o(i.____softfp_sqrt$lsc) refers to dsqrt.o(.text) for _dsqrt
    sqrt_x.o(i.__sqrt$lsc) refers (Special) to iusefp.o(.text) for __I$use$fp
    sqrt_x.o(i.__sqrt$lsc) refers to cdcmple.o(.text) for __aeabi_cdcmple
    sqrt_x.o(i.__sqrt$lsc) refers to errno.o(i.__set_errno) for __set_errno
    sqrt_x.o(i.__sqrt$lsc) refers to dsqrt.o(.text) for _dsqrt
    entry2.o(.ARM.Collect$$$$00000001) refers to entry2.o(.ARM.Collect$$$$00002712) for __lit__00000000
    entry2.o(.ARM.Collect$$$$00002712) refers to startup_skeaz1284.o(STACK) for __initial_sp
    entry2.o(__vectab_stack_and_reset_area) refers to startup_skeaz1284.o(STACK) for __initial_sp
    entry2.o(__vectab_stack_and_reset_area) refers to entry.o(.ARM.Collect$$$$00000000) for __main
    entry5.o(.ARM.Collect$$$$00000004) refers to init.o(.text) for __scatterload
    entry9a.o(.ARM.Collect$$$$0000000B) refers to main.o(i.main) for main
    entry9b.o(.ARM.Collect$$$$0000000C) refers to main.o(i.main) for main
    errno.o(i.__aeabi_errno_addr) refers to errno.o(.data) for .data
    errno.o(i.__read_errno) refers to errno.o(.data) for .data
    errno.o(i.__set_errno) refers to errno.o(.data) for .data
    depilogue.o(.text) refers to depilogue.o(i.__ARM_clz) for __ARM_clz
    depilogue.o(.text) refers to llshl.o(.text) for __aeabi_llsl
    depilogue.o(.text) refers to llushr.o(.text) for __aeabi_llsr
    init.o(.text) refers to entry5.o(.ARM.Collect$$$$00000004) for __main_after_scatterload
    dsqrt.o(.text) refers to llushr.o(.text) for __aeabi_llsr
    dsqrt.o(.text) refers to depilogue.o(.text) for _double_round


==============================================================================

Removing Unused input sections from the image.

    Removing startup_skeaz1284.o(HEAP), (1024 bytes).
    Removing system_skeaz1284.o(.rev16_text), (4 bytes).
    Removing system_skeaz1284.o(.revsh_text), (4 bytes).
    Removing misc.o(.rev16_text), (4 bytes).
    Removing misc.o(.revsh_text), (4 bytes).
    Removing misc.o(i.write_vtor), (12 bytes).
    Removing common.o(.rev16_text), (4 bytes).
    Removing common.o(.revsh_text), (4 bytes).
    Removing kea128_adc.o(.rev16_text), (4 bytes).
    Removing kea128_adc.o(.revsh_text), (4 bytes).
    Removing kea128_adc.o(i.adc_init), (44 bytes).
    Removing kea128_adc.o(i.adc_once), (48 bytes).
    Removing kea128_adc.o(i.adc_stop), (12 bytes).
    Removing kea128_flash.o(.rev16_text), (4 bytes).
    Removing kea128_flash.o(.revsh_text), (4 bytes).
    Removing kea128_flash.o(i.FLASH_EraseSector), (48 bytes).
    Removing kea128_flash.o(i.FLASH_GetSectorSize), (6 bytes).
    Removing kea128_flash.o(i.FLASH_Init), (76 bytes).
    Removing kea128_flash.o(i.FLASH_WriteSector), (112 bytes).
    Removing kea128_flash.o(i.FlashCmdStart), (60 bytes).
    Removing kea128_flash.o(.data), (20 bytes).
    Removing kea128_ftm.o(.rev16_text), (4 bytes).
    Removing kea128_ftm.o(.revsh_text), (4 bytes).
    Removing kea128_ftm.o(i.ftm_count_clean), (16 bytes).
    Removing kea128_ftm.o(i.ftm_count_get), (20 bytes).
    Removing kea128_ftm.o(i.ftm_count_init), (60 bytes).
    Removing kea128_ftm.o(i.ftm_count_mux), (176 bytes).
    Removing kea128_ftm.o(i.ftm_pwm_freq), (132 bytes).
    Removing kea128_gpio.o(.rev16_text), (4 bytes).
    Removing kea128_gpio.o(.revsh_text), (4 bytes).
    Removing kea128_gpio.o(i.gpio_turn), (40 bytes).
    Removing kea128_irq.o(.rev16_text), (4 bytes).
    Removing kea128_irq.o(.revsh_text), (4 bytes).
    Removing kea128_irq.o(i.irq_init), (52 bytes).
    Removing kea128_kbi.o(.rev16_text), (4 bytes).
    Removing kea128_kbi.o(.revsh_text), (4 bytes).
    Removing kea128_kbi.o(i.kbi_init), (248 bytes).
    Removing kea128_kbi.o(.data), (8 bytes).
    Removing kea128_pit.o(.rev16_text), (4 bytes).
    Removing kea128_pit.o(.revsh_text), (4 bytes).
    Removing kea128_pit.o(i.pit_close), (48 bytes).
    Removing kea128_pit.o(i.pit_delay), (128 bytes).
    Removing kea128_pit.o(i.pit_time_get), (88 bytes).
    Removing kea128_pit.o(i.pit_time_start), (88 bytes).
    Removing kea128_port.o(.rev16_text), (4 bytes).
    Removing kea128_port.o(.revsh_text), (4 bytes).
    Removing kea128_uart.o(.rev16_text), (4 bytes).
    Removing kea128_uart.o(.revsh_text), (4 bytes).
    Removing kea128_uart.o(i.NVIC_DisableIRQ), (20 bytes).
    Removing kea128_uart.o(i.NVIC_EnableIRQ), (20 bytes).
    Removing kea128_uart.o(i.fputc), (18 bytes).
    Removing kea128_uart.o(i.uart_getchar), (36 bytes).
    Removing kea128_uart.o(i.uart_putstr), (26 bytes).
    Removing kea128_uart.o(i.uart_rx_irq_dis), (56 bytes).
    Removing kea128_uart.o(i.uart_rx_irq_en), (40 bytes).
    Removing kea128_uart.o(i.uart_txc_irq_dis), (56 bytes).
    Removing kea128_uart.o(i.uart_txc_irq_en), (40 bytes).
    Removing kea128_systick.o(.rev16_text), (4 bytes).
    Removing kea128_systick.o(.revsh_text), (4 bytes).
    Removing kea128_systick.o(i.systick_delay), (48 bytes).
    Removing kea128_systick.o(i.systick_delay_ms), (28 bytes).
    Removing kea128_systick.o(i.systick_getval), (12 bytes).
    Removing kea128_systick.o(i.systick_timing), (24 bytes).
    Removing kea128_i2c.o(.rev16_text), (4 bytes).
    Removing kea128_i2c.o(.revsh_text), (4 bytes).
    Removing kea128_i2c.o(i.i2c_Wait), (164 bytes).
    Removing kea128_i2c.o(i.i2c_delay), (24 bytes).
    Removing kea128_i2c.o(i.i2c_init), (280 bytes).
    Removing kea128_i2c.o(i.i2c_read_reg), (188 bytes).
    Removing kea128_i2c.o(i.i2c_read_reg_bytes), (280 bytes).
    Removing kea128_i2c.o(i.i2c_write_reg), (104 bytes).
    Removing kea128_i2c.o(.constdata), (128 bytes).
    Removing kea128_i2c.o(.data), (12 bytes).
    Removing kea128_spi.o(.rev16_text), (4 bytes).
    Removing kea128_spi.o(.revsh_text), (4 bytes).
    Removing kea128_spi.o(i.spi_init), (308 bytes).
    Removing kea128_spi.o(i.spi_mosi), (96 bytes).
    Removing kea128_spi.o(i.spi_mosi_cmd), (44 bytes).
    Removing kea128_spi.o(.constdata), (36 bytes).
    Removing kea128_spi.o(.data), (8 bytes).
    Removing font.o(.rev16_text), (4 bytes).
    Removing font.o(.revsh_text), (4 bytes).
    Removing font.o(.constdata), (3040 bytes).
    Removing seekfree_18tft.o(.rev16_text), (4 bytes).
    Removing seekfree_18tft.o(.revsh_text), (4 bytes).
    Removing seekfree_18tft.o(i.LCD_WriteData_16Bit), (54 bytes).
    Removing seekfree_18tft.o(i.Lcd_SetRegion), (86 bytes).
    Removing seekfree_18tft.o(i.Lcd_WriteData), (30 bytes).
    Removing seekfree_18tft.o(i.Lcd_WriteIndex), (30 bytes).
    Removing seekfree_18tft.o(i.dsp_single_colour), (48 bytes).
    Removing seekfree_18tft.o(i.lcd_init), (624 bytes).
    Removing seekfree_18tft.o(i.lcd_showchar), (108 bytes).
    Removing seekfree_18tft.o(i.lcd_showint16), (172 bytes).
    Removing seekfree_18tft.o(i.lcd_showint8), (126 bytes).
    Removing seekfree_18tft.o(i.lcd_showstr), (40 bytes).
    Removing seekfree_18tft.o(i.lcd_showuint16), (140 bytes).
    Removing seekfree_18tft.o(i.lcd_showuint8), (92 bytes).
    Removing seekfree_18tft.o(i.showimage), (112 bytes).
    Removing seekfree_18tft.o(i.tft_delay), (12 bytes).
    Removing seekfree_18tft.o(.constdata), (3200 bytes).
    Removing seekfree_fun.o(.rev16_text), (4 bytes).
    Removing seekfree_fun.o(.revsh_text), (4 bytes).
    Removing seekfree_fun.o(i.limit), (58 bytes).
    Removing seekfree_fun.o(i.limit_ab), (14 bytes).
    Removing seekfree_fun.o(i.my_delay), (12 bytes).
    Removing seekfree_fun.o(i.myabs), (14 bytes).
    Removing seekfree_iic.o(.rev16_text), (4 bytes).
    Removing seekfree_iic.o(.revsh_text), (4 bytes).
    Removing seekfree_iic.o(i.simiic_read_regs), (84 bytes).
    Removing seekfree_iic.o(.data), (9 bytes).
    Removing seekfree_l3g4200d.o(.rev16_text), (4 bytes).
    Removing seekfree_l3g4200d.o(.revsh_text), (4 bytes).
    Removing seekfree_l3g4200d.o(i.InitL3G4200D), (72 bytes).
    Removing seekfree_l3g4200d.o(i.get_l3g4200d), (112 bytes).
    Removing seekfree_l3g4200d.o(.data), (7 bytes).
    Removing seekfree_mma8451.o(.rev16_text), (4 bytes).
    Removing seekfree_mma8451.o(.revsh_text), (4 bytes).
    Removing seekfree_mma8451.o(i.MMA845x_init), (64 bytes).
    Removing seekfree_mma8451.o(i.get_mma8451), (172 bytes).
    Removing seekfree_mma8451.o(.data), (6 bytes).
    Removing seekfree_mpu6050.o(.rev16_text), (4 bytes).
    Removing seekfree_mpu6050.o(.revsh_text), (4 bytes).
    Removing seekfree_mpu6050.o(i.Get_AccData), (88 bytes).
    Removing seekfree_mpu6050.o(i.Get_Gyro), (88 bytes).
    Removing seekfree_mpu6050.o(.data), (12 bytes).
    Removing seekfree_nrf24l01.o(.rev16_text), (4 bytes).
    Removing seekfree_nrf24l01.o(.revsh_text), (4 bytes).
    Removing seekfree_nrf24l01.o(i.NRF_Dev_Init), (200 bytes).
    Removing seekfree_nrf24l01.o(i.NRF_Rece_Packet), (58 bytes).
    Removing seekfree_nrf24l01.o(i.NRF_SPI_R_Reg_Burst), (56 bytes).
    Removing seekfree_nrf24l01.o(i.NRF_SPI_R_Reg_Byte), (38 bytes).
    Removing seekfree_nrf24l01.o(i.NRF_SPI_WR_Byte), (60 bytes).
    Removing seekfree_nrf24l01.o(i.NRF_SPI_W_Cmd_Byte), (32 bytes).
    Removing seekfree_nrf24l01.o(i.NRF_SPI_W_Reg_Burst), (54 bytes).
    Removing seekfree_nrf24l01.o(i.NRF_SPI_W_Reg_Byte), (40 bytes).
    Removing seekfree_nrf24l01.o(i.NRF_Send_Packet), (140 bytes).
    Removing seekfree_nrf24l01.o(.bss), (64 bytes).
    Removing seekfree_nrf24l01.o(.data), (5 bytes).
    Removing seekfree_oled.o(.rev16_text), (4 bytes).
    Removing seekfree_oled.o(.revsh_text), (4 bytes).
    Removing seekfree_oled.o(i.OLED_ClrPixel), (74 bytes).
    Removing seekfree_oled.o(i.OLED_DLY_ms), (28 bytes).
    Removing seekfree_oled.o(i.OLED_Fill), (58 bytes).
    Removing seekfree_oled.o(i.OLED_HEXACSII), (50 bytes).
    Removing seekfree_oled.o(i.OLED_Init), (256 bytes).
    Removing seekfree_oled.o(i.OLED_P6x8Str), (100 bytes).
    Removing seekfree_oled.o(i.OLED_P8x16Str), (140 bytes).
    Removing seekfree_oled.o(i.OLED_Print_Num), (48 bytes).
    Removing seekfree_oled.o(i.OLED_Print_Num1), (88 bytes).
    Removing seekfree_oled.o(i.OLED_PutPixel), (74 bytes).
    Removing seekfree_oled.o(i.OLED_Set_Pos), (46 bytes).
    Removing seekfree_oled.o(i.OLED_Wr6Dat), (82 bytes).
    Removing seekfree_oled.o(i.OLED_WrCmd), (82 bytes).
    Removing seekfree_oled.o(i.OLED_WrDat), (82 bytes).
    Removing seekfree_oled.o(i.dis_bmp), (536 bytes).
    Removing seekfree_oled.o(.constdata), (2072 bytes).
    Removing seekfree_tsl1401.o(.rev16_text), (4 bytes).
    Removing seekfree_tsl1401.o(.revsh_text), (4 bytes).
    Removing seekfree_tsl1401.o(i.NVIC_SetPriority), (120 bytes).
    Removing seekfree_tsl1401.o(i.ccd_collect), (100 bytes).
    Removing seekfree_tsl1401.o(i.ccd_init), (80 bytes).
    Removing seekfree_tsl1401.o(.bss), (256 bytes).
    Removing isr.o(.rev16_text), (4 bytes).
    Removing isr.o(.revsh_text), (4 bytes).
    Removing main.o(.rev16_text), (4 bytes).
    Removing main.o(.revsh_text), (4 bytes).
    Removing main.o(.data), (4 bytes).
    Removing angle.o(.rev16_text), (4 bytes).
    Removing angle.o(.revsh_text), (4 bytes).
    Removing erection.o(.rev16_text), (4 bytes).
    Removing erection.o(.revsh_text), (4 bytes).
    Removing ffltui.o(.text), (14 bytes).
    Removing cfcmple.o(.text), (20 bytes).
    Removing cfrcmple.o(.text), (20 bytes).
    Removing cdcmple.o(.text), (40 bytes).

175 unused section(s) (total 18837 bytes) removed from the image.

==============================================================================

Image Symbol Table

    Local Symbols

    Symbol Name                              Value     Ov Type        Size  Object(Section)

    RESET                                    0x00000000   Section      192  startup_skeaz1284.o(RESET)
    ../clib/microlib/division.c              0x00000000   Number         0  uidiv.o ABSOLUTE
    ../clib/microlib/division.c              0x00000000   Number         0  idiv.o ABSOLUTE
    ../clib/microlib/errno.c                 0x00000000   Number         0  errno.o ABSOLUTE
    ../clib/microlib/init/entry.s            0x00000000   Number         0  entry9b.o ABSOLUTE
    ../clib/microlib/init/entry.s            0x00000000   Number         0  entry.o ABSOLUTE
    ../clib/microlib/init/entry.s            0x00000000   Number         0  entry9a.o ABSOLUTE
    ../clib/microlib/init/entry.s            0x00000000   Number         0  entry5.o ABSOLUTE
    ../clib/microlib/init/entry.s            0x00000000   Number         0  entry7a.o ABSOLUTE
    ../clib/microlib/init/entry.s            0x00000000   Number         0  entry8b.o ABSOLUTE
    ../clib/microlib/init/entry.s            0x00000000   Number         0  entry8a.o ABSOLUTE
    ../clib/microlib/init/entry.s            0x00000000   Number         0  entry11b.o ABSOLUTE
    ../clib/microlib/init/entry.s            0x00000000   Number         0  entry11a.o ABSOLUTE
    ../clib/microlib/init/entry.s            0x00000000   Number         0  entry10a.o ABSOLUTE
    ../clib/microlib/init/entry.s            0x00000000   Number         0  entry7b.o ABSOLUTE
    ../clib/microlib/init/entry.s            0x00000000   Number         0  entry2.o ABSOLUTE
    ../clib/microlib/init/entry.s            0x00000000   Number         0  entry10b.o ABSOLUTE
    ../clib/microlib/longlong.c              0x00000000   Number         0  llshl.o ABSOLUTE
    ../clib/microlib/longlong.c              0x00000000   Number         0  llsshr.o ABSOLUTE
    ../clib/microlib/longlong.c              0x00000000   Number         0  llushr.o ABSOLUTE
    ../clib/microlib/string/memcpy.c         0x00000000   Number         0  memcpyb.o ABSOLUTE
    ../clib/microlib/string/memcpy.c         0x00000000   Number         0  memcpya.o ABSOLUTE
    ../clib/microlib/stubs.s                 0x00000000   Number         0  iusefp.o ABSOLUTE
    ../fplib/microlib/d2f.c                  0x00000000   Number         0  d2f.o ABSOLUTE
    ../fplib/microlib/f2d.c                  0x00000000   Number         0  f2d.o ABSOLUTE
    ../fplib/microlib/fpadd.c                0x00000000   Number         0  fadd.o ABSOLUTE
    ../fplib/microlib/fpadd.c                0x00000000   Number         0  dadd.o ABSOLUTE
    ../fplib/microlib/fpdiv.c                0x00000000   Number         0  ddiv.o ABSOLUTE
    ../fplib/microlib/fpepilogue.c           0x00000000   Number         0  fepilogue.o ABSOLUTE
    ../fplib/microlib/fpepilogue.c           0x00000000   Number         0  depilogue.o ABSOLUTE
    ../fplib/microlib/fpfix.c                0x00000000   Number         0  dfixui.o ABSOLUTE
    ../fplib/microlib/fpfix.c                0x00000000   Number         0  ffixi.o ABSOLUTE
    ../fplib/microlib/fpflt.c                0x00000000   Number         0  fflti.o ABSOLUTE
    ../fplib/microlib/fpflt.c                0x00000000   Number         0  ffltui.o ABSOLUTE
    ../fplib/microlib/fpflt.c                0x00000000   Number         0  dflti.o ABSOLUTE
    ../fplib/microlib/fpmul.c                0x00000000   Number         0  dmul.o ABSOLUTE
    ../fplib/microlib/fpmul.c                0x00000000   Number         0  fmul.o ABSOLUTE
    ../fplib/microlib/fpscalb.c              0x00000000   Number         0  dscalb.o ABSOLUTE
    ../fplib/microlib/fpsqrt.c               0x00000000   Number         0  dsqrt.o ABSOLUTE
    ../mathlib/asin.c                        0x00000000   Number         0  asin.o ABSOLUTE
    ../mathlib/asin.c                        0x00000000   Number         0  asin_x.o ABSOLUTE
    ../mathlib/dunder.c                      0x00000000   Number         0  dunder.o ABSOLUTE
    ../mathlib/fpclassify.c                  0x00000000   Number         0  fpclassify.o ABSOLUTE
    ../mathlib/poly.c                        0x00000000   Number         0  poly.o ABSOLUTE
    ../mathlib/sqrt.c                        0x00000000   Number         0  sqrt_x.o ABSOLUTE
    ../mathlib/sqrt.c                        0x00000000   Number         0  sqrt.o ABSOLUTE
    ..\..\Libraries\drives\src\KEA128_adc.c  0x00000000   Number         0  kea128_adc.o ABSOLUTE
    ..\..\Libraries\drives\src\KEA128_flash.c 0x00000000   Number         0  kea128_flash.o ABSOLUTE
    ..\..\Libraries\drives\src\KEA128_ftm.c  0x00000000   Number         0  kea128_ftm.o ABSOLUTE
    ..\..\Libraries\drives\src\KEA128_gpio.c 0x00000000   Number         0  kea128_gpio.o ABSOLUTE
    ..\..\Libraries\drives\src\KEA128_i2c.c  0x00000000   Number         0  kea128_i2c.o ABSOLUTE
    ..\..\Libraries\drives\src\KEA128_irq.c  0x00000000   Number         0  kea128_irq.o ABSOLUTE
    ..\..\Libraries\drives\src\KEA128_kbi.c  0x00000000   Number         0  kea128_kbi.o ABSOLUTE
    ..\..\Libraries\drives\src\KEA128_pit.c  0x00000000   Number         0  kea128_pit.o ABSOLUTE
    ..\..\Libraries\drives\src\KEA128_port.c 0x00000000   Number         0  kea128_port.o ABSOLUTE
    ..\..\Libraries\drives\src\KEA128_spi.c  0x00000000   Number         0  kea128_spi.o ABSOLUTE
    ..\..\Libraries\drives\src\KEA128_systick.c 0x00000000   Number         0  kea128_systick.o ABSOLUTE
    ..\..\Libraries\drives\src\KEA128_uart.c 0x00000000   Number         0  kea128_uart.o ABSOLUTE
    ..\..\Libraries\drives\src\common.c      0x00000000   Number         0  common.o ABSOLUTE
    ..\..\Libraries\drives\src\misc.c        0x00000000   Number         0  misc.o ABSOLUTE
    ..\..\Libraries\seekfree\SEEKFREE_18TFT.c 0x00000000   Number         0  seekfree_18tft.o ABSOLUTE
    ..\..\Libraries\seekfree\SEEKFREE_FUN.c  0x00000000   Number         0  seekfree_fun.o ABSOLUTE
    ..\..\Libraries\seekfree\SEEKFREE_IIC.c  0x00000000   Number         0  seekfree_iic.o ABSOLUTE
    ..\..\Libraries\seekfree\SEEKFREE_L3G4200D.c 0x00000000   Number         0  seekfree_l3g4200d.o ABSOLUTE
    ..\..\Libraries\seekfree\SEEKFREE_MMA8451.c 0x00000000   Number         0  seekfree_mma8451.o ABSOLUTE
    ..\..\Libraries\seekfree\SEEKFREE_MPU6050.c 0x00000000   Number         0  seekfree_mpu6050.o ABSOLUTE
    ..\..\Libraries\seekfree\SEEKFREE_NRF24L01.c 0x00000000   Number         0  seekfree_nrf24l01.o ABSOLUTE
    ..\..\Libraries\seekfree\SEEKFREE_OLED.c 0x00000000   Number         0  seekfree_oled.o ABSOLUTE
    ..\..\Libraries\seekfree\SEEKFREE_TSL1401.c 0x00000000   Number         0  seekfree_tsl1401.o ABSOLUTE
    ..\..\Libraries\seekfree\font.c          0x00000000   Number         0  font.o ABSOLUTE
    ..\..\Libraries\startup\DeviceSupport\MDK-ARM\startup_SKEAZ1284.s 0x00000000   Number         0  startup_skeaz1284.o ABSOLUTE
    ..\..\Libraries\startup\DeviceSupport\system_SKEAZ1284.c 0x00000000   Number         0  system_skeaz1284.o ABSOLUTE
    ..\USER\src\angle.c                      0x00000000   Number         0  angle.o ABSOLUTE
    ..\USER\src\erection.c                   0x00000000   Number         0  erection.o ABSOLUTE
    ..\USER\src\isr.c                        0x00000000   Number         0  isr.o ABSOLUTE
    ..\USER\src\main.c                       0x00000000   Number         0  main.o ABSOLUTE
    ..\\..\\Libraries\\drives\\src\\KEA128_adc.c 0x00000000   Number         0  kea128_adc.o ABSOLUTE
    ..\\..\\Libraries\\drives\\src\\KEA128_flash.c 0x00000000   Number         0  kea128_flash.o ABSOLUTE
    ..\\..\\Libraries\\drives\\src\\KEA128_ftm.c 0x00000000   Number         0  kea128_ftm.o ABSOLUTE
    ..\\..\\Libraries\\drives\\src\\KEA128_gpio.c 0x00000000   Number         0  kea128_gpio.o ABSOLUTE
    ..\\..\\Libraries\\drives\\src\\KEA128_i2c.c 0x00000000   Number         0  kea128_i2c.o ABSOLUTE
    ..\\..\\Libraries\\drives\\src\\KEA128_irq.c 0x00000000   Number         0  kea128_irq.o ABSOLUTE
    ..\\..\\Libraries\\drives\\src\\KEA128_kbi.c 0x00000000   Number         0  kea128_kbi.o ABSOLUTE
    ..\\..\\Libraries\\drives\\src\\KEA128_pit.c 0x00000000   Number         0  kea128_pit.o ABSOLUTE
    ..\\..\\Libraries\\drives\\src\\KEA128_port.c 0x00000000   Number         0  kea128_port.o ABSOLUTE
    ..\\..\\Libraries\\drives\\src\\KEA128_spi.c 0x00000000   Number         0  kea128_spi.o ABSOLUTE
    ..\\..\\Libraries\\drives\\src\\KEA128_systick.c 0x00000000   Number         0  kea128_systick.o ABSOLUTE
    ..\\..\\Libraries\\drives\\src\\KEA128_uart.c 0x00000000   Number         0  kea128_uart.o ABSOLUTE
    ..\\..\\Libraries\\drives\\src\\common.c 0x00000000   Number         0  common.o ABSOLUTE
    ..\\..\\Libraries\\drives\\src\\misc.c   0x00000000   Number         0  misc.o ABSOLUTE
    ..\\..\\Libraries\\seekfree\\SEEKFREE_18TFT.c 0x00000000   Number         0  seekfree_18tft.o ABSOLUTE
    ..\\..\\Libraries\\seekfree\\SEEKFREE_FUN.c 0x00000000   Number         0  seekfree_fun.o ABSOLUTE
    ..\\..\\Libraries\\seekfree\\SEEKFREE_IIC.c 0x00000000   Number         0  seekfree_iic.o ABSOLUTE
    ..\\..\\Libraries\\seekfree\\SEEKFREE_L3G4200D.c 0x00000000   Number         0  seekfree_l3g4200d.o ABSOLUTE
    ..\\..\\Libraries\\seekfree\\SEEKFREE_MMA8451.c 0x00000000   Number         0  seekfree_mma8451.o ABSOLUTE
    ..\\..\\Libraries\\seekfree\\SEEKFREE_MPU6050.c 0x00000000   Number         0  seekfree_mpu6050.o ABSOLUTE
    ..\\..\\Libraries\\seekfree\\SEEKFREE_NRF24L01.c 0x00000000   Number         0  seekfree_nrf24l01.o ABSOLUTE
    ..\\..\\Libraries\\seekfree\\SEEKFREE_OLED.c 0x00000000   Number         0  seekfree_oled.o ABSOLUTE
    ..\\..\\Libraries\\seekfree\\SEEKFREE_TSL1401.c 0x00000000   Number         0  seekfree_tsl1401.o ABSOLUTE
    ..\\..\\Libraries\\seekfree\\font.c      0x00000000   Number         0  font.o ABSOLUTE
    ..\\..\\Libraries\\startup\\DeviceSupport\\system_SKEAZ1284.c 0x00000000   Number         0  system_skeaz1284.o ABSOLUTE
    ..\\USER\\src\\angle.c                   0x00000000   Number         0  angle.o ABSOLUTE
    ..\\USER\\src\\erection.c                0x00000000   Number         0  erection.o ABSOLUTE
    ..\\USER\\src\\isr.c                     0x00000000   Number         0  isr.o ABSOLUTE
    ..\\USER\\src\\main.c                    0x00000000   Number         0  main.o ABSOLUTE
    cdcmple.s                                0x00000000   Number         0  cdcmple.o ABSOLUTE
    cfcmple.s                                0x00000000   Number         0  cfcmple.o ABSOLUTE
    cfrcmple.s                               0x00000000   Number         0  cfrcmple.o ABSOLUTE
    dc.s                                     0x00000000   Number         0  dc.o ABSOLUTE
    handlers.s                               0x00000000   Number         0  handlers.o ABSOLUTE
    init.s                                   0x00000000   Number         0  init.o ABSOLUTE
    .ARM.Collect$$$$00000000                 0x000000c0   Section        0  entry.o(.ARM.Collect$$$$00000000)
    .ARM.Collect$$$$00000001                 0x000000c0   Section        4  entry2.o(.ARM.Collect$$$$00000001)
    .ARM.Collect$$$$00000004                 0x000000c4   Section        4  entry5.o(.ARM.Collect$$$$00000004)
    .ARM.Collect$$$$00000008                 0x000000c8   Section        0  entry7b.o(.ARM.Collect$$$$00000008)
    .ARM.Collect$$$$0000000A                 0x000000c8   Section        0  entry8b.o(.ARM.Collect$$$$0000000A)
    .ARM.Collect$$$$0000000B                 0x000000c8   Section        8  entry9a.o(.ARM.Collect$$$$0000000B)
    .ARM.Collect$$$$0000000D                 0x000000d0   Section        0  entry10a.o(.ARM.Collect$$$$0000000D)
    .ARM.Collect$$$$0000000F                 0x000000d0   Section        0  entry11a.o(.ARM.Collect$$$$0000000F)
    .ARM.Collect$$$$00002712                 0x000000d0   Section        4  entry2.o(.ARM.Collect$$$$00002712)
    __lit__00000000                          0x000000d0   Data           4  entry2.o(.ARM.Collect$$$$00002712)
    .text                                    0x000000d4   Section       40  startup_skeaz1284.o(.text)
    .text                                    0x000000fc   Section        0  uidiv.o(.text)
    .text                                    0x00000128   Section        0  memcpya.o(.text)
    .text                                    0x0000014c   Section        0  fadd.o(.text)
    .text                                    0x000001fe   Section        0  fmul.o(.text)
    .text                                    0x00000278   Section        0  dadd.o(.text)
    .text                                    0x000003dc   Section        0  fflti.o(.text)
    .text                                    0x000003f2   Section        0  iusefp.o(.text)
    i.__mathlib_dbl_infnan                   0x000003f2   Section        0  dunder.o(i.__mathlib_dbl_infnan)
    i.__scatterload_null                     0x000003fc   Section        2  handlers.o(i.__scatterload_null)
    .ARM.__at_0x400                          0x00000400   Section       16  startup_skeaz1284.o(.ARM.__at_0x400)
    .text                                    0x00000410   Section        0  dmul.o(.text)
    .text                                    0x000004e0   Section        0  ddiv.o(.text)
    .text                                    0x000005d0   Section        0  dflti.o(.text)
    .text                                    0x000005f8   Section        0  ffixi.o(.text)
    .text                                    0x0000062c   Section        0  dfixui.o(.text)
    .text                                    0x00000668   Section        0  f2d.o(.text)
    .text                                    0x00000690   Section        0  d2f.o(.text)
    .text                                    0x000006c8   Section        0  llshl.o(.text)
    .text                                    0x000006e8   Section        0  llushr.o(.text)
    .text                                    0x0000070a   Section        0  llsshr.o(.text)
    .text                                    0x00000730   Section        0  fepilogue.o(.text)
    .text                                    0x000007b2   Section        0  depilogue.o(.text)
    .text                                    0x00000870   Section        0  dscalb.o(.text)
    .text                                    0x0000089c   Section       36  init.o(.text)
    .text                                    0x000008c0   Section        0  dsqrt.o(.text)
    i.Complement_Filter                      0x00000964   Section        0  angle.o(i.Complement_Filter)
    i.GetData                                0x00000a20   Section        0  seekfree_mpu6050.o(i.GetData)
    i.I2C_SendACK                            0x00000a46   Section        0  seekfree_iic.o(i.I2C_SendACK)
    i.IIC_init                               0x00000a86   Section        0  seekfree_iic.o(i.IIC_init)
    i.IIC_start                              0x00000aaa   Section        0  seekfree_iic.o(i.IIC_start)
    i.IIC_stop                               0x00000ad6   Section        0  seekfree_iic.o(i.IIC_stop)
    i.IRQ_IRQHandler                         0x00000b08   Section        0  isr.o(i.IRQ_IRQHandler)
    i.InitMPU6050                            0x00000b1c   Section        0  seekfree_mpu6050.o(i.InitMPU6050)
    i.KBI0_IRQHandler                        0x00000b68   Section        0  isr.o(i.KBI0_IRQHandler)
    i.NVIC_SetPriority                       0x00000b7c   Section        0  main.o(i.NVIC_SetPriority)
    NVIC_SetPriority                         0x00000b7d   Thumb Code   110  main.o(i.NVIC_SetPriority)
    i.PIT_CH0_IRQHandler                     0x00000bf4   Section        0  isr.o(i.PIT_CH0_IRQHandler)
    i.PIT_CH1_IRQHandler                     0x00000c48   Section        0  isr.o(i.PIT_CH1_IRQHandler)
    i.SCCB_WaitAck                           0x00000c5c   Section        0  seekfree_iic.o(i.SCCB_WaitAck)
    SCCB_WaitAck                             0x00000c5d   Thumb Code    88  seekfree_iic.o(i.SCCB_WaitAck)
    i.Start                                  0x00000cb4   Section        0  system_skeaz1284.o(i.Start)
    i.__ARM_clz                              0x00000d14   Section        0  depilogue.o(i.__ARM_clz)
    i.__ARM_common_switch8                   0x00000d42   Section        0  kea128_ftm.o(i.__ARM_common_switch8)
    i.__ARM_fpclassify                       0x00000d60   Section        0  fpclassify.o(i.__ARM_fpclassify)
    i.__kernel_poly                          0x00000d8c   Section        0  poly.o(i.__kernel_poly)
    i.__mathlib_dbl_invalid                  0x00000e38   Section        0  dunder.o(i.__mathlib_dbl_invalid)
    i.__mathlib_dbl_underflow                0x00000e48   Section        0  dunder.o(i.__mathlib_dbl_underflow)
    i.__scatterload_copy                     0x00000e5c   Section       14  handlers.o(i.__scatterload_copy)
    i.__scatterload_zeroinit                 0x00000e6a   Section       14  handlers.o(i.__scatterload_zeroinit)
    i.__set_errno                            0x00000e78   Section        0  errno.o(i.__set_errno)
    i.accel_angle                            0x00000e84   Section        0  angle.o(i.accel_angle)
    i.asin                                   0x00000ef4   Section        0  asin.o(i.asin)
    i.disable_wdog                           0x00001168   Section        0  system_skeaz1284.o(i.disable_wdog)
    i.erec_speed                             0x00001180   Section        0  erection.o(i.erec_speed)
    i.ftm_pwm_duty                           0x0000125c   Section        0  kea128_ftm.o(i.ftm_pwm_duty)
    i.ftm_pwm_init                           0x000012d8   Section        0  kea128_ftm.o(i.ftm_pwm_init)
    i.ftm_pwm_mux                            0x000013fc   Section        0  kea128_ftm.o(i.ftm_pwm_mux)
    i.get_clk                                0x00001530   Section        0  common.o(i.get_clk)
    i.gpio_ddr                               0x000015fc   Section        0  kea128_gpio.o(i.gpio_ddr)
    i.gpio_get                               0x000016a4   Section        0  kea128_gpio.o(i.gpio_get)
    i.gpio_init                              0x000016d0   Section        0  kea128_gpio.o(i.gpio_init)
    i.gpio_set                               0x000017ac   Section        0  kea128_gpio.o(i.gpio_set)
    i.gy_angle                               0x000017e8   Section        0  angle.o(i.gy_angle)
    i.main                                   0x00001830   Section        0  main.o(i.main)
    i.pit_init                               0x000018a0   Section        0  kea128_pit.o(i.pit_init)
    i.port_pull                              0x000018f8   Section        0  kea128_port.o(i.port_pull)
    i.read_ch                                0x00001948   Section        0  seekfree_iic.o(i.read_ch)
    i.send_ch                                0x000019c2   Section        0  seekfree_iic.o(i.send_ch)
    i.simiic_delay                           0x00001a10   Section        0  seekfree_iic.o(i.simiic_delay)
    i.simiic_read_reg                        0x00001a20   Section        0  seekfree_iic.o(i.simiic_read_reg)
    i.simiic_write_reg                       0x00001a60   Section        0  seekfree_iic.o(i.simiic_write_reg)
    i.speed_init                             0x00001a88   Section        0  erection.o(i.speed_init)
    i.sqrt                                   0x00001ac0   Section        0  sqrt.o(i.sqrt)
    i.uart_init                              0x00001b08   Section        0  kea128_uart.o(i.uart_init)
    i.uart_mux                               0x00001bc0   Section        0  kea128_uart.o(i.uart_mux)
    i.uart_putbuff                           0x00001c40   Section        0  kea128_uart.o(i.uart_putbuff)
    i.uart_putchar                           0x00001c60   Section        0  kea128_uart.o(i.uart_putchar)
    i.vcan_sendware                          0x00001c80   Section        0  main.o(i.vcan_sendware)
    i.zhili_speed                            0x00001cbc   Section        0  erection.o(i.zhili_speed)
    .constdata                               0x00001cd0   Section       22  common.o(.constdata)
    .constdata                               0x00001ce8   Section       12  kea128_ftm.o(.constdata)
    FTMX                                     0x00001ce8   Data          12  kea128_ftm.o(.constdata)
    .constdata                               0x00001cf4   Section       12  kea128_gpio.o(.constdata)
    GPIOX                                    0x00001cf4   Data          12  kea128_gpio.o(.constdata)
    .constdata                               0x00001d00   Section       80  asin.o(.constdata)
    pS                                       0x00001d00   Data          48  asin.o(.constdata)
    qS                                       0x00001d30   Data          32  asin.o(.constdata)
    .data                                    0x1ffff000   Section       16  common.o(.data)
    .data                                    0x1ffff010   Section        6  kea128_ftm.o(.data)
    .data                                    0x1ffff018   Section       12  kea128_uart.o(.data)
    .data                                    0x1ffff024   Section        3  isr.o(.data)
    .data                                    0x1ffff028   Section       12  angle.o(.data)
    .data                                    0x1ffff034   Section        4  errno.o(.data)
    _errno                                   0x1ffff034   Data           4  errno.o(.data)
    STACK                                    0x1ffff038   Section     1024  startup_skeaz1284.o(STACK)

    Global Symbols

    Symbol Name                              Value     Ov Type        Size  Object(Section)

    BuildAttributes$$THM_ISAv3M$S$PE$A:L22$X:L11$S22$IEEE1$IW$USESV6$~STKCKD$USESV7$~SHL$OTIME$ROPI$IEEEX$EBA8$MICROLIB$REQ8$PRES8$EABIv2 0x00000000   Number         0  anon$$obj.o ABSOLUTE
    __ARM_use_no_argv                        0x00000000   Number         0  main.o ABSOLUTE
    __Vectors                                0x00000000   Data           4  startup_skeaz1284.o(RESET)
    __cpp_initialize__aeabi_                  - Undefined Weak Reference
    __cxa_finalize                            - Undefined Weak Reference
    __decompress                              - Undefined Weak Reference
    _clock_init                               - Undefined Weak Reference
    _microlib_exit                            - Undefined Weak Reference
    __Vectors_End                            0x000000c0   Data           0  startup_skeaz1284.o(RESET)
    __Vectors_Size                           0x000000c0   Number         0  startup_skeaz1284.o ABSOLUTE
    __main                                   0x000000c1   Thumb Code     0  entry.o(.ARM.Collect$$$$00000000)
    _main_stk                                0x000000c1   Thumb Code     0  entry2.o(.ARM.Collect$$$$00000001)
    _main_scatterload                        0x000000c5   Thumb Code     0  entry5.o(.ARM.Collect$$$$00000004)
    __main_after_scatterload                 0x000000c9   Thumb Code     0  entry5.o(.ARM.Collect$$$$00000004)
    _main_clock                              0x000000c9   Thumb Code     0  entry7b.o(.ARM.Collect$$$$00000008)
    _main_cpp_init                           0x000000c9   Thumb Code     0  entry8b.o(.ARM.Collect$$$$0000000A)
    _main_init                               0x000000c9   Thumb Code     0  entry9a.o(.ARM.Collect$$$$0000000B)
    __rt_final_cpp                           0x000000d1   Thumb Code     0  entry10a.o(.ARM.Collect$$$$0000000D)
    __rt_final_exit                          0x000000d1   Thumb Code     0  entry11a.o(.ARM.Collect$$$$0000000F)
    init_data_bss                            0x000000d5   Thumb Code     2  startup_skeaz1284.o(.text)
    Reset_Handler                            0x000000d7   Thumb Code    12  startup_skeaz1284.o(.text)
    NMI_Handler                              0x000000e3   Thumb Code     2  startup_skeaz1284.o(.text)
    HardFault_Handler                        0x000000e5   Thumb Code     2  startup_skeaz1284.o(.text)
    SVC_Handler                              0x000000e7   Thumb Code     2  startup_skeaz1284.o(.text)
    PendSV_Handler                           0x000000e9   Thumb Code     2  startup_skeaz1284.o(.text)
    SysTick_Handler                          0x000000eb   Thumb Code     2  startup_skeaz1284.o(.text)
    ACMP0_IRQHandler                         0x000000ed   Thumb Code     0  startup_skeaz1284.o(.text)
    ACMP1_IRQHandler                         0x000000ed   Thumb Code     0  startup_skeaz1284.o(.text)
    ADC_IRQHandler                           0x000000ed   Thumb Code     0  startup_skeaz1284.o(.text)
    DefaultISR                               0x000000ed   Thumb Code     0  startup_skeaz1284.o(.text)
    FTM0_IRQHandler                          0x000000ed   Thumb Code     0  startup_skeaz1284.o(.text)
    FTM1_IRQHandler                          0x000000ed   Thumb Code     0  startup_skeaz1284.o(.text)
    FTM2_IRQHandler                          0x000000ed   Thumb Code     0  startup_skeaz1284.o(.text)
    FTMRE_IRQHandler                         0x000000ed   Thumb Code     0  startup_skeaz1284.o(.text)
    I2C0_IRQHandler                          0x000000ed   Thumb Code     0  startup_skeaz1284.o(.text)
    I2C1_IRQHandler                          0x000000ed   Thumb Code     0  startup_skeaz1284.o(.text)
    ICS_IRQHandler                           0x000000ed   Thumb Code     0  startup_skeaz1284.o(.text)
    KBI1_IRQHandler                          0x000000ed   Thumb Code     0  startup_skeaz1284.o(.text)
    MSCAN_RX_IRQHandler                      0x000000ed   Thumb Code     0  startup_skeaz1284.o(.text)
    MSCAN_TX_IRQHandler                      0x000000ed   Thumb Code     0  startup_skeaz1284.o(.text)
    PMC_IRQHandler                           0x000000ed   Thumb Code     0  startup_skeaz1284.o(.text)
    PWT_IRQHandler                           0x000000ed   Thumb Code     0  startup_skeaz1284.o(.text)
    RTC_IRQHandler                           0x000000ed   Thumb Code     0  startup_skeaz1284.o(.text)
    Reserved16_IRQHandler                    0x000000ed   Thumb Code     0  startup_skeaz1284.o(.text)
    Reserved17_IRQHandler                    0x000000ed   Thumb Code     0  startup_skeaz1284.o(.text)
    Reserved18_IRQHandler                    0x000000ed   Thumb Code     0  startup_skeaz1284.o(.text)
    Reserved19_IRQHandler                    0x000000ed   Thumb Code     0  startup_skeaz1284.o(.text)
    Reserved20_IRQHandler                    0x000000ed   Thumb Code     0  startup_skeaz1284.o(.text)
    Reserved42_IRQHandler                    0x000000ed   Thumb Code     0  startup_skeaz1284.o(.text)
    SPI0_IRQHandler                          0x000000ed   Thumb Code     0  startup_skeaz1284.o(.text)
    SPI1_IRQHandler                          0x000000ed   Thumb Code     0  startup_skeaz1284.o(.text)
    UART0_IRQHandler                         0x000000ed   Thumb Code     0  startup_skeaz1284.o(.text)
    UART1_IRQHandler                         0x000000ed   Thumb Code     0  startup_skeaz1284.o(.text)
    UART2_IRQHandler                         0x000000ed   Thumb Code     0  startup_skeaz1284.o(.text)
    WDOG_IRQHandler                          0x000000ed   Thumb Code     0  startup_skeaz1284.o(.text)
    __aeabi_uidiv                            0x000000fd   Thumb Code     0  uidiv.o(.text)
    __aeabi_uidivmod                         0x000000fd   Thumb Code    44  uidiv.o(.text)
    __aeabi_memcpy                           0x00000129   Thumb Code    36  memcpya.o(.text)
    __aeabi_memcpy4                          0x00000129   Thumb Code     0  memcpya.o(.text)
    __aeabi_memcpy8                          0x00000129   Thumb Code     0  memcpya.o(.text)
    __aeabi_fadd                             0x0000014d   Thumb Code   162  fadd.o(.text)
    __aeabi_fsub                             0x000001ef   Thumb Code     8  fadd.o(.text)
    __aeabi_frsub                            0x000001f7   Thumb Code     8  fadd.o(.text)
    __aeabi_fmul                             0x000001ff   Thumb Code   122  fmul.o(.text)
    __aeabi_dadd                             0x00000279   Thumb Code   328  dadd.o(.text)
    __aeabi_dsub                             0x000003c1   Thumb Code    12  dadd.o(.text)
    __aeabi_drsub                            0x000003cd   Thumb Code    12  dadd.o(.text)
    __aeabi_i2f                              0x000003dd   Thumb Code    22  fflti.o(.text)
    __I$use$fp                               0x000003f3   Thumb Code     0  iusefp.o(.text)
    __mathlib_dbl_infnan                     0x000003f3   Thumb Code    10  dunder.o(i.__mathlib_dbl_infnan)
    __scatterload_null                       0x000003fd   Thumb Code     2  handlers.o(i.__scatterload_null)
    __aeabi_dmul                             0x00000411   Thumb Code   202  dmul.o(.text)
    __aeabi_ddiv                             0x000004e1   Thumb Code   234  ddiv.o(.text)
    __aeabi_i2d                              0x000005d1   Thumb Code    34  dflti.o(.text)
    __aeabi_f2iz                             0x000005f9   Thumb Code    50  ffixi.o(.text)
    __aeabi_d2uiz                            0x0000062d   Thumb Code    50  dfixui.o(.text)
    __aeabi_f2d                              0x00000669   Thumb Code    40  f2d.o(.text)
    __aeabi_d2f                              0x00000691   Thumb Code    56  d2f.o(.text)
    __aeabi_llsl                             0x000006c9   Thumb Code    32  llshl.o(.text)
    _ll_shift_l                              0x000006c9   Thumb Code     0  llshl.o(.text)
    __aeabi_llsr                             0x000006e9   Thumb Code    34  llushr.o(.text)
    _ll_ushift_r                             0x000006e9   Thumb Code     0  llushr.o(.text)
    __aeabi_lasr                             0x0000070b   Thumb Code    38  llsshr.o(.text)
    _ll_sshift_r                             0x0000070b   Thumb Code     0  llsshr.o(.text)
    _float_round                             0x00000731   Thumb Code    16  fepilogue.o(.text)
    _float_epilogue                          0x00000741   Thumb Code   114  fepilogue.o(.text)
    _double_round                            0x000007b3   Thumb Code    26  depilogue.o(.text)
    _double_epilogue                         0x000007cd   Thumb Code   164  depilogue.o(.text)
    __ARM_scalbn                             0x00000871   Thumb Code    44  dscalb.o(.text)
    scalbn                                   0x00000871   Thumb Code     0  dscalb.o(.text)
    __scatterload                            0x0000089d   Thumb Code    28  init.o(.text)
    __scatterload_rt2                        0x0000089d   Thumb Code     0  init.o(.text)
    _dsqrt                                   0x000008c1   Thumb Code   162  dsqrt.o(.text)
    Complement_Filter                        0x00000965   Thumb Code   150  angle.o(i.Complement_Filter)
    GetData                                  0x00000a21   Thumb Code    38  seekfree_mpu6050.o(i.GetData)
    I2C_SendACK                              0x00000a47   Thumb Code    64  seekfree_iic.o(i.I2C_SendACK)
    IIC_init                                 0x00000a87   Thumb Code    36  seekfree_iic.o(i.IIC_init)
    IIC_start                                0x00000aab   Thumb Code    44  seekfree_iic.o(i.IIC_start)
    IIC_stop                                 0x00000ad7   Thumb Code    48  seekfree_iic.o(i.IIC_stop)
    IRQ_IRQHandler                           0x00000b09   Thumb Code    14  isr.o(i.IRQ_IRQHandler)
    InitMPU6050                              0x00000b1d   Thumb Code    74  seekfree_mpu6050.o(i.InitMPU6050)
    KBI0_IRQHandler                          0x00000b69   Thumb Code    14  isr.o(i.KBI0_IRQHandler)
    PIT_CH0_IRQHandler                       0x00000bf5   Thumb Code    66  isr.o(i.PIT_CH0_IRQHandler)
    PIT_CH1_IRQHandler                       0x00000c49   Thumb Code    14  isr.o(i.PIT_CH1_IRQHandler)
    Start                                    0x00000cb5   Thumb Code    82  system_skeaz1284.o(i.Start)
    __ARM_clz                                0x00000d15   Thumb Code    46  depilogue.o(i.__ARM_clz)
    __ARM_common_switch8                     0x00000d43   Thumb Code    28  kea128_ftm.o(i.__ARM_common_switch8)
    __ARM_fpclassify                         0x00000d61   Thumb Code    40  fpclassify.o(i.__ARM_fpclassify)
    __kernel_poly                            0x00000d8d   Thumb Code   172  poly.o(i.__kernel_poly)
    __mathlib_dbl_invalid                    0x00000e39   Thumb Code    16  dunder.o(i.__mathlib_dbl_invalid)
    __mathlib_dbl_underflow                  0x00000e49   Thumb Code    14  dunder.o(i.__mathlib_dbl_underflow)
    __scatterload_copy                       0x00000e5d   Thumb Code    14  handlers.o(i.__scatterload_copy)
    __scatterload_zeroinit                   0x00000e6b   Thumb Code    14  handlers.o(i.__scatterload_zeroinit)
    __set_errno                              0x00000e79   Thumb Code     6  errno.o(i.__set_errno)
    accel_angle                              0x00000e85   Thumb Code    94  angle.o(i.accel_angle)
    asin                                     0x00000ef5   Thumb Code   574  asin.o(i.asin)
    disable_wdog                             0x00001169   Thumb Code    16  system_skeaz1284.o(i.disable_wdog)
    erec_speed                               0x00001181   Thumb Code   202  erection.o(i.erec_speed)
    ftm_pwm_duty                             0x0000125d   Thumb Code   114  kea128_ftm.o(i.ftm_pwm_duty)
    ftm_pwm_init                             0x000012d9   Thumb Code   278  kea128_ftm.o(i.ftm_pwm_init)
    ftm_pwm_mux                              0x000013fd   Thumb Code   302  kea128_ftm.o(i.ftm_pwm_mux)
    get_clk                                  0x00001531   Thumb Code   170  common.o(i.get_clk)
    gpio_ddr                                 0x000015fd   Thumb Code   162  kea128_gpio.o(i.gpio_ddr)
    gpio_get                                 0x000016a5   Thumb Code    40  kea128_gpio.o(i.gpio_get)
    gpio_init                                0x000016d1   Thumb Code   214  kea128_gpio.o(i.gpio_init)
    gpio_set                                 0x000017ad   Thumb Code    54  kea128_gpio.o(i.gpio_set)
    gy_angle                                 0x000017e9   Thumb Code    58  angle.o(i.gy_angle)
    main                                     0x00001831   Thumb Code    90  main.o(i.main)
    pit_init                                 0x000018a1   Thumb Code    76  kea128_pit.o(i.pit_init)
    port_pull                                0x000018f9   Thumb Code    74  kea128_port.o(i.port_pull)
    read_ch                                  0x00001949   Thumb Code   122  seekfree_iic.o(i.read_ch)
    send_ch                                  0x000019c3   Thumb Code    78  seekfree_iic.o(i.send_ch)
    simiic_delay                             0x00001a11   Thumb Code    16  seekfree_iic.o(i.simiic_delay)
    simiic_read_reg                          0x00001a21   Thumb Code    64  seekfree_iic.o(i.simiic_read_reg)
    simiic_write_reg                         0x00001a61   Thumb Code    38  seekfree_iic.o(i.simiic_write_reg)
    speed_init                               0x00001a89   Thumb Code    52  erection.o(i.speed_init)
    sqrt                                     0x00001ac1   Thumb Code    66  sqrt.o(i.sqrt)
    uart_init                                0x00001b09   Thumb Code   170  kea128_uart.o(i.uart_init)
    uart_mux                                 0x00001bc1   Thumb Code   122  kea128_uart.o(i.uart_mux)
    uart_putbuff                             0x00001c41   Thumb Code    30  kea128_uart.o(i.uart_putbuff)
    uart_putchar                             0x00001c61   Thumb Code    28  kea128_uart.o(i.uart_putchar)
    vcan_sendware                            0x00001c81   Thumb Code    50  main.o(i.vcan_sendware)
    zhili_speed                              0x00001cbd   Thumb Code    20  erection.o(i.zhili_speed)
    Region$$Table$$Base                      0x00001d50   Number         0  anon$$obj.o(Region$$Table)
    Region$$Table$$Limit                     0x00001d70   Number         0  anon$$obj.o(Region$$Table)
    ics_clk_khz                              0x1ffff000   Data           4  common.o(.data)
    ftm_clk_khz                              0x1ffff004   Data           4  common.o(.data)
    core_clk_khz                             0x1ffff008   Data           4  common.o(.data)
    bus_clk_khz                              0x1ffff00c   Data           4  common.o(.data)
    period                                   0x1ffff010   Data           6  kea128_ftm.o(.data)
    uart                                     0x1ffff018   Data          12  kea128_uart.o(.data)
    x                                        0x1ffff024   Data           1  isr.o(.data)
    y                                        0x1ffff025   Data           1  isr.o(.data)
    z                                        0x1ffff026   Data           1  isr.o(.data)
    acc_angle                                0x1ffff028   Data           4  angle.o(.data)
    gyro_angle                               0x1ffff02c   Data           4  angle.o(.data)
    Complement_angle                         0x1ffff030   Data           4  angle.o(.data)
    __initial_sp                             0x1ffff438   Data           0  startup_skeaz1284.o(STACK)



==============================================================================

Memory Map of the image

  Image Entry point : 0x000000c1

  Load Region LR_IROM1 (Base: 0x00000000, Size: 0x00001da8, Max: 0x00020000, ABSOLUTE)

    Execution Region ER_IROM1 (Base: 0x00000000, Size: 0x00001d70, Max: 0x00020000, ABSOLUTE)

    Base Addr    Size         Type   Attr      Idx    E Section Name        Object

    0x00000000   0x000000c0   Data   RO            3    RESET               startup_skeaz1284.o
    0x000000c0   0x00000000   Code   RO         1485  * .ARM.Collect$$$$00000000  mc_p.l(entry.o)
    0x000000c0   0x00000004   Code   RO         1550    .ARM.Collect$$$$00000001  mc_p.l(entry2.o)
    0x000000c4   0x00000004   Code   RO         1553    .ARM.Collect$$$$00000004  mc_p.l(entry5.o)
    0x000000c8   0x00000000   Code   RO         1555    .ARM.Collect$$$$00000008  mc_p.l(entry7b.o)
    0x000000c8   0x00000000   Code   RO         1557    .ARM.Collect$$$$0000000A  mc_p.l(entry8b.o)
    0x000000c8   0x00000008   Code   RO         1558    .ARM.Collect$$$$0000000B  mc_p.l(entry9a.o)
    0x000000d0   0x00000000   Code   RO         1560    .ARM.Collect$$$$0000000D  mc_p.l(entry10a.o)
    0x000000d0   0x00000000   Code   RO         1562    .ARM.Collect$$$$0000000F  mc_p.l(entry11a.o)
    0x000000d0   0x00000004   Code   RO         1551    .ARM.Collect$$$$00002712  mc_p.l(entry2.o)
    0x000000d4   0x00000028   Code   RO            5    .text               startup_skeaz1284.o
    0x000000fc   0x0000002c   Code   RO         1488    .text               mc_p.l(uidiv.o)
    0x00000128   0x00000024   Code   RO         1492    .text               mc_p.l(memcpya.o)
    0x0000014c   0x000000b2   Code   RO         1496    .text               mf_p.l(fadd.o)
    0x000001fe   0x0000007a   Code   RO         1498    .text               mf_p.l(fmul.o)
    0x00000278   0x00000164   Code   RO         1500    .text               mf_p.l(dadd.o)
    0x000003dc   0x00000016   Code   RO         1506    .text               mf_p.l(fflti.o)
    0x000003f2   0x00000000   Code   RO         1577    .text               mc_p.l(iusefp.o)
    0x000003f2   0x0000000a   Code   RO         1525    i.__mathlib_dbl_infnan  m_ps.l(dunder.o)
    0x000003fc   0x00000002   Code   RO         1595    i.__scatterload_null  mc_p.l(handlers.o)
    0x000003fe   0x00000002   PAD
    0x00000400   0x00000010   Code   RO            4    .ARM.__at_0x400     startup_skeaz1284.o
    0x00000410   0x000000d0   Code   RO         1502    .text               mf_p.l(dmul.o)
    0x000004e0   0x000000f0   Code   RO         1504    .text               mf_p.l(ddiv.o)
    0x000005d0   0x00000028   Code   RO         1510    .text               mf_p.l(dflti.o)
    0x000005f8   0x00000032   Code   RO         1512    .text               mf_p.l(ffixi.o)
    0x0000062a   0x00000002   PAD
    0x0000062c   0x0000003c   Code   RO         1514    .text               mf_p.l(dfixui.o)
    0x00000668   0x00000028   Code   RO         1516    .text               mf_p.l(f2d.o)
    0x00000690   0x00000038   Code   RO         1518    .text               mf_p.l(d2f.o)
    0x000006c8   0x00000020   Code   RO         1564    .text               mc_p.l(llshl.o)
    0x000006e8   0x00000022   Code   RO         1566    .text               mc_p.l(llushr.o)
    0x0000070a   0x00000026   Code   RO         1568    .text               mc_p.l(llsshr.o)
    0x00000730   0x00000082   Code   RO         1578    .text               mf_p.l(fepilogue.o)
    0x000007b2   0x000000be   Code   RO         1580    .text               mf_p.l(depilogue.o)
    0x00000870   0x0000002c   Code   RO         1584    .text               mf_p.l(dscalb.o)
    0x0000089c   0x00000024   Code   RO         1586    .text               mc_p.l(init.o)
    0x000008c0   0x000000a2   Code   RO         1588    .text               mf_p.l(dsqrt.o)
    0x00000962   0x00000002   PAD
    0x00000964   0x000000bc   Code   RO         1406    i.Complement_Filter  angle.o
    0x00000a20   0x00000026   Code   RO         1061    i.GetData           seekfree_mpu6050.o
    0x00000a46   0x00000040   Code   RO          915    i.I2C_SendACK       seekfree_iic.o
    0x00000a86   0x00000024   Code   RO          916    i.IIC_init          seekfree_iic.o
    0x00000aaa   0x0000002c   Code   RO          917    i.IIC_start         seekfree_iic.o
    0x00000ad6   0x00000030   Code   RO          918    i.IIC_stop          seekfree_iic.o
    0x00000b06   0x00000002   PAD
    0x00000b08   0x00000014   Code   RO         1327    i.IRQ_IRQHandler    isr.o
    0x00000b1c   0x0000004a   Code   RO         1064    i.InitMPU6050       seekfree_mpu6050.o
    0x00000b66   0x00000002   PAD
    0x00000b68   0x00000014   Code   RO         1328    i.KBI0_IRQHandler   isr.o
    0x00000b7c   0x00000078   Code   RO         1371    i.NVIC_SetPriority  main.o
    0x00000bf4   0x00000054   Code   RO         1329    i.PIT_CH0_IRQHandler  isr.o
    0x00000c48   0x00000014   Code   RO         1330    i.PIT_CH1_IRQHandler  isr.o
    0x00000c5c   0x00000058   Code   RO          919    i.SCCB_WaitAck      seekfree_iic.o
    0x00000cb4   0x00000060   Code   RO           15    i.Start             system_skeaz1284.o
    0x00000d14   0x0000002e   Code   RO         1582    i.__ARM_clz         mf_p.l(depilogue.o)
    0x00000d42   0x0000001c   Code   RO          365    i.__ARM_common_switch8  kea128_ftm.o
    0x00000d5e   0x00000002   PAD
    0x00000d60   0x0000002c   Code   RO         1538    i.__ARM_fpclassify  m_ps.l(fpclassify.o)
    0x00000d8c   0x000000ac   Code   RO         1540    i.__kernel_poly     m_ps.l(poly.o)
    0x00000e38   0x00000010   Code   RO         1527    i.__mathlib_dbl_invalid  m_ps.l(dunder.o)
    0x00000e48   0x00000014   Code   RO         1530    i.__mathlib_dbl_underflow  m_ps.l(dunder.o)
    0x00000e5c   0x0000000e   Code   RO         1594    i.__scatterload_copy  mc_p.l(handlers.o)
    0x00000e6a   0x0000000e   Code   RO         1596    i.__scatterload_zeroinit  mc_p.l(handlers.o)
    0x00000e78   0x0000000c   Code   RO         1572    i.__set_errno       mc_p.l(errno.o)
    0x00000e84   0x00000070   Code   RO         1407    i.accel_angle       angle.o
    0x00000ef4   0x00000274   Code   RO         1476    i.asin              m_ps.l(asin.o)
    0x00001168   0x00000018   Code   RO           16    i.disable_wdog      system_skeaz1284.o
    0x00001180   0x000000dc   Code   RO         1445    i.erec_speed        erection.o
    0x0000125c   0x0000007c   Code   RO          308    i.ftm_pwm_duty      kea128_ftm.o
    0x000012d8   0x00000124   Code   RO          310    i.ftm_pwm_init      kea128_ftm.o
    0x000013fc   0x00000134   Code   RO          311    i.ftm_pwm_mux       kea128_ftm.o
    0x00001530   0x000000cc   Code   RO          175    i.get_clk           common.o
    0x000015fc   0x000000a8   Code   RO          372    i.gpio_ddr          kea128_gpio.o
    0x000016a4   0x0000002c   Code   RO          373    i.gpio_get          kea128_gpio.o
    0x000016d0   0x000000dc   Code   RO          374    i.gpio_init         kea128_gpio.o
    0x000017ac   0x0000003c   Code   RO          375    i.gpio_set          kea128_gpio.o
    0x000017e8   0x00000048   Code   RO         1408    i.gy_angle          angle.o
    0x00001830   0x00000070   Code   RO         1372    i.main              main.o
    0x000018a0   0x00000058   Code   RO          463    i.pit_init          kea128_pit.o
    0x000018f8   0x00000050   Code   RO          505    i.port_pull         kea128_port.o
    0x00001948   0x0000007a   Code   RO          920    i.read_ch           seekfree_iic.o
    0x000019c2   0x0000004e   Code   RO          921    i.send_ch           seekfree_iic.o
    0x00001a10   0x00000010   Code   RO          922    i.simiic_delay      seekfree_iic.o
    0x00001a20   0x00000040   Code   RO          923    i.simiic_read_reg   seekfree_iic.o
    0x00001a60   0x00000026   Code   RO          925    i.simiic_write_reg  seekfree_iic.o
    0x00001a86   0x00000002   PAD
    0x00001a88   0x00000038   Code   RO         1446    i.speed_init        erection.o
    0x00001ac0   0x00000048   Code   RO         1543    i.sqrt              m_ps.l(sqrt.o)
    0x00001b08   0x000000b8   Code   RO          529    i.uart_init         kea128_uart.o
    0x00001bc0   0x00000080   Code   RO          530    i.uart_mux          kea128_uart.o
    0x00001c40   0x0000001e   Code   RO          531    i.uart_putbuff      kea128_uart.o
    0x00001c5e   0x00000002   PAD
    0x00001c60   0x00000020   Code   RO          532    i.uart_putchar      kea128_uart.o
    0x00001c80   0x0000003c   Code   RO         1373    i.vcan_sendware     main.o
    0x00001cbc   0x00000014   Code   RO         1447    i.zhili_speed       erection.o
    0x00001cd0   0x00000016   Data   RO          176    .constdata          common.o
    0x00001ce6   0x00000002   PAD
    0x00001ce8   0x0000000c   Data   RO          312    .constdata          kea128_ftm.o
    0x00001cf4   0x0000000c   Data   RO          377    .constdata          kea128_gpio.o
    0x00001d00   0x00000050   Data   RO         1477    .constdata          m_ps.l(asin.o)
    0x00001d50   0x00000020   Data   RO         1592    Region$$Table       anon$$obj.o


    Execution Region RW_IRAM1 (Base: 0x1ffff000, Size: 0x00000438, Max: 0x00004000, ABSOLUTE)

    Base Addr    Size         Type   Attr      Idx    E Section Name        Object

    0x1ffff000   0x00000010   Data   RW          177    .data               common.o
    0x1ffff010   0x00000006   Data   RW          313    .data               kea128_ftm.o
    0x1ffff016   0x00000002   PAD
    0x1ffff018   0x0000000c   Data   RW          538    .data               kea128_uart.o
    0x1ffff024   0x00000003   Data   RW         1331    .data               isr.o
    0x1ffff027   0x00000001   PAD
    0x1ffff028   0x0000000c   Data   RW         1409    .data               angle.o
    0x1ffff034   0x00000004   Data   RW         1573    .data               mc_p.l(errno.o)
    0x1ffff038   0x00000400   Zero   RW            1    STACK               startup_skeaz1284.o


==============================================================================

Image component sizes


      Code (inc. data)   RO Data    RW Data    ZI Data      Debug   Object Name

       372         70          0         12          0       2081   angle.o
       204         34         22         16          0       2289   common.o
       296         22          0          0          0       1768   erection.o
       144         36          0          3          0       2165   isr.o
       752         38         12          6          0       3317   kea128_ftm.o
       492         22         12          0          0       3461   kea128_gpio.o
        88         12          0          0          0        599   kea128_pit.o
        80          6          0          0          0        612   kea128_port.o
       374         24          0         12          0       3296   kea128_uart.o
       292         42          0          0          0       2263   main.o
         0          0          0          0          0       4107   misc.o
       598          0          0          0          0       6084   seekfree_iic.o
       112          0          0          0          0       1180   seekfree_mpu6050.o
         0          0          0          0          0       5868   seekfree_tsl1401.o
        56         30        192          0       1024       1072   startup_skeaz1284.o
       120         22          0          0          0     108803   system_skeaz1284.o

    ----------------------------------------------------------------------
      3990        358        272         52       1024     148965   Object Totals
         0          0         32          0          0          0   (incl. Generated)
        10          0          2          3          0          0   (incl. Padding)

    ----------------------------------------------------------------------

      Code (inc. data)   RO Data    RW Data    ZI Data      Debug   Library Member Name

       628         54         80          0          0        104   asin.o
        46          6          0          0          0        204   dunder.o
        44          4          0          0          0         60   fpclassify.o
       172          0          0          0          0         76   poly.o
        72          6          0          0          0         76   sqrt.o
         0          0          0          0          0          0   entry.o
         0          0          0          0          0          0   entry10a.o
         0          0          0          0          0          0   entry11a.o
         8          4          0          0          0          0   entry2.o
         4          0          0          0          0          0   entry5.o
         0          0          0          0          0          0   entry7b.o
         0          0          0          0          0          0   entry8b.o
         8          4          0          0          0          0   entry9a.o
        12          6          0          4          0         60   errno.o
        30          0          0          0          0          0   handlers.o
        36          8          0          0          0         68   init.o
         0          0          0          0          0          0   iusefp.o
        32          0          0          0          0         68   llshl.o
        38          0          0          0          0         68   llsshr.o
        34          0          0          0          0         68   llushr.o
        36          0          0          0          0         60   memcpya.o
        44          0          0          0          0         72   uidiv.o
        56          0          0          0          0         68   d2f.o
       356          4          0          0          0        140   dadd.o
       240          6          0          0          0         84   ddiv.o
       236          0          0          0          0        216   depilogue.o
        60         10          0          0          0         68   dfixui.o
        40          6          0          0          0         68   dflti.o
       208          6          0          0          0         88   dmul.o
        44          0          0          0          0         72   dscalb.o
       162          0          0          0          0         80   dsqrt.o
        40          0          0          0          0         60   f2d.o
       178          0          0          0          0        108   fadd.o
       130          0          0          0          0        144   fepilogue.o
        50          0          0          0          0         60   ffixi.o
        22          0          0          0          0         68   fflti.o
       122          0          0          0          0         72   fmul.o

    ----------------------------------------------------------------------
      3194        124         80          4          0       2380   Library Totals
         6          0          0          0          0          0   (incl. Padding)

    ----------------------------------------------------------------------

      Code (inc. data)   RO Data    RW Data    ZI Data      Debug   Library Name

       962         70         80          0          0        520   m_ps.l
       282         22          0          4          0        464   mc_p.l
      1944         32          0          0          0       1396   mf_p.l

    ----------------------------------------------------------------------
      3194        124         80          4          0       2380   Library Totals

    ----------------------------------------------------------------------

==============================================================================


      Code (inc. data)   RO Data    RW Data    ZI Data      Debug   

      7184        482        352         56       1024     148505   Grand Totals
      7184        482        352         56       1024     148505   ELF Image Totals
      7184        482        352         56          0          0   ROM Totals

==============================================================================

    Total RO  Size (Code + RO Data)                 7536 (   7.36kB)
    Total RW  Size (RW Data + ZI Data)              1080 (   1.05kB)
    Total ROM Size (Code + RO Data + RW Data)       7592 (   7.41kB)

==============================================================================

