<html>
<body>
<pre>
<h1>礦ision Build Log</h1>
<h2>Tool Versions:</h2>
IDE-Version: μVision V5.21.1.0
Copyright (C) 2016 ARM Ltd and ARM Germany GmbH. All rights reserved.
License Information: dad daa, sda, LIC=AK1CX-HHWJQ-9ZSWW-Q0N4Y-A7NGF-X4RIR
 
Tool Versions:
Toolchain:       MDK-ARM Professional  Version: 5.21a
Toolchain Path:  C:\Keil_v5\ARM\ARMCC\Bin
C Compiler:      Armcc.exe V5.06 update 3 (build 300)
Assembler:       Armasm.exe V5.06 update 3 (build 300)
Linker/Locator:  ArmLink.exe V5.06 update 3 (build 300)
Library Manager: ArmAr.exe V5.06 update 3 (build 300)
Hex Converter:   FromElf.exe V5.06 update 3 (build 300)
CPU DLL:         SARMCM3.DLL V5.21a
Dialog DLL:      DARMCM1.DLL V1.14.0.0
Target DLL:      Segger\JL2CM3.dll V2.99.23.0
Dialog DLL:      TARMCM1.DLL V1.10.0.0
 
<h2>Project:</h2>
F:\13届飞卡参考资料\购买KEA系统板后的资料\逐飞科技KEA128库V2.2.9\KEA128\Projecct\MDK\KEA128.uvprojx
Project File Date:  01/23/2018

<h2>Output:</h2>
*** Using Compiler 'V5.06 update 3 (build 300)', folder: 'C:\Keil_v5\ARM\ARMCC\Bin'
Build target 'KEA128'
compiling system_SKEAZ1284.c...
compiling misc.c...
..\USER\inc\angle.h(11): warning:  #1-D: last line of file ends without a newline
  #endif
..\USER\inc\erection.h(9): warning:  #1-D: last line of file ends without a newline
  #endif
..\..\Libraries\drives\src\misc.c: 2 warnings, 0 errors
compiling common.c...
..\USER\inc\angle.h(11): warning:  #1-D: last line of file ends without a newline
  #endif
..\USER\inc\erection.h(9): warning:  #1-D: last line of file ends without a newline
  #endif
..\..\Libraries\drives\src\common.c: 2 warnings, 0 errors
compiling KEA128_adc.c...
..\USER\inc\angle.h(11): warning:  #1-D: last line of file ends without a newline
  #endif
..\USER\inc\erection.h(9): warning:  #1-D: last line of file ends without a newline
  #endif
..\..\Libraries\drives\src\KEA128_adc.c: 2 warnings, 0 errors
compiling KEA128_flash.c...
..\USER\inc\angle.h(11): warning:  #1-D: last line of file ends without a newline
  #endif
..\USER\inc\erection.h(9): warning:  #1-D: last line of file ends without a newline
  #endif
..\..\Libraries\drives\src\KEA128_flash.c: 2 warnings, 0 errors
compiling KEA128_ftm.c...
..\USER\inc\angle.h(11): warning:  #1-D: last line of file ends without a newline
  #endif
..\USER\inc\erection.h(9): warning:  #1-D: last line of file ends without a newline
  #endif
..\..\Libraries\drives\src\KEA128_ftm.c: 2 warnings, 0 errors
compiling KEA128_gpio.c...
..\USER\inc\angle.h(11): warning:  #1-D: last line of file ends without a newline
  #endif
..\USER\inc\erection.h(9): warning:  #1-D: last line of file ends without a newline
  #endif
..\..\Libraries\drives\src\KEA128_gpio.c: 2 warnings, 0 errors
compiling KEA128_irq.c...
..\USER\inc\angle.h(11): warning:  #1-D: last line of file ends without a newline
  #endif
..\USER\inc\erection.h(9): warning:  #1-D: last line of file ends without a newline
  #endif
..\..\Libraries\drives\src\KEA128_irq.c: 2 warnings, 0 errors
compiling KEA128_kbi.c...
..\USER\inc\angle.h(11): warning:  #1-D: last line of file ends without a newline
  #endif
..\USER\inc\erection.h(9): warning:  #1-D: last line of file ends without a newline
  #endif
..\..\Libraries\drives\src\KEA128_kbi.c: 2 warnings, 0 errors
compiling KEA128_pit.c...
..\USER\inc\angle.h(11): warning:  #1-D: last line of file ends without a newline
  #endif
..\USER\inc\erection.h(9): warning:  #1-D: last line of file ends without a newline
  #endif
..\..\Libraries\drives\src\KEA128_pit.c: 2 warnings, 0 errors
compiling KEA128_port.c...
..\USER\inc\angle.h(11): warning:  #1-D: last line of file ends without a newline
  #endif
..\USER\inc\erection.h(9): warning:  #1-D: last line of file ends without a newline
  #endif
..\..\Libraries\drives\src\KEA128_port.c: 2 warnings, 0 errors
compiling KEA128_uart.c...
..\USER\inc\angle.h(11): warning:  #1-D: last line of file ends without a newline
  #endif
..\USER\inc\erection.h(9): warning:  #1-D: last line of file ends without a newline
  #endif
..\..\Libraries\drives\src\KEA128_uart.c: 2 warnings, 0 errors
compiling KEA128_systick.c...
..\USER\inc\angle.h(11): warning:  #1-D: last line of file ends without a newline
  #endif
..\USER\inc\erection.h(9): warning:  #1-D: last line of file ends without a newline
  #endif
..\..\Libraries\drives\src\KEA128_systick.c: 2 warnings, 0 errors
compiling KEA128_spi.c...
..\USER\inc\angle.h(11): warning:  #1-D: last line of file ends without a newline
  #endif
..\USER\inc\erection.h(9): warning:  #1-D: last line of file ends without a newline
  #endif
..\..\Libraries\drives\src\KEA128_spi.c: 2 warnings, 0 errors
compiling KEA128_i2c.c...
..\USER\inc\angle.h(11): warning:  #1-D: last line of file ends without a newline
  #endif
..\USER\inc\erection.h(9): warning:  #1-D: last line of file ends without a newline
  #endif
..\..\Libraries\drives\src\KEA128_i2c.c: 2 warnings, 0 errors
compiling font.c...
..\USER\inc\angle.h(11): warning:  #1-D: last line of file ends without a newline
  #endif
..\USER\inc\erection.h(9): warning:  #1-D: last line of file ends without a newline
  #endif
..\..\Libraries\seekfree\font.c: 2 warnings, 0 errors
compiling SEEKFREE_FUN.c...
..\USER\inc\angle.h(11): warning:  #1-D: last line of file ends without a newline
  #endif
..\USER\inc\erection.h(9): warning:  #1-D: last line of file ends without a newline
  #endif
..\..\Libraries\seekfree\SEEKFREE_FUN.c: 2 warnings, 0 errors
compiling SEEKFREE_18TFT.c...
..\USER\inc\angle.h(11): warning:  #1-D: last line of file ends without a newline
  #endif
..\USER\inc\erection.h(9): warning:  #1-D: last line of file ends without a newline
  #endif
..\..\Libraries\seekfree\SEEKFREE_18TFT.c: 2 warnings, 0 errors
compiling SEEKFREE_IIC.c...
..\USER\inc\angle.h(11): warning:  #1-D: last line of file ends without a newline
  #endif
..\USER\inc\erection.h(9): warning:  #1-D: last line of file ends without a newline
  #endif
..\..\Libraries\seekfree\SEEKFREE_IIC.c: 2 warnings, 0 errors
compiling SEEKFREE_L3G4200D.c...
..\USER\inc\angle.h(11): warning:  #1-D: last line of file ends without a newline
  #endif
..\USER\inc\erection.h(9): warning:  #1-D: last line of file ends without a newline
  #endif
..\..\Libraries\seekfree\SEEKFREE_L3G4200D.c: 2 warnings, 0 errors
compiling SEEKFREE_MMA8451.c...
..\USER\inc\angle.h(11): warning:  #1-D: last line of file ends without a newline
  #endif
..\USER\inc\erection.h(9): warning:  #1-D: last line of file ends without a newline
  #endif
..\..\Libraries\seekfree\SEEKFREE_MMA8451.c: 2 warnings, 0 errors
compiling SEEKFREE_MPU6050.c...
..\USER\inc\angle.h(11): warning:  #1-D: last line of file ends without a newline
  #endif
..\USER\inc\erection.h(9): warning:  #1-D: last line of file ends without a newline
  #endif
..\..\Libraries\seekfree\SEEKFREE_MPU6050.c: 2 warnings, 0 errors
compiling SEEKFREE_NRF24L01.c...
..\USER\inc\angle.h(11): warning:  #1-D: last line of file ends without a newline
  #endif
..\USER\inc\erection.h(9): warning:  #1-D: last line of file ends without a newline
  #endif
..\..\Libraries\seekfree\SEEKFREE_NRF24L01.c: 2 warnings, 0 errors
compiling SEEKFREE_OLED.c...
..\USER\inc\angle.h(11): warning:  #1-D: last line of file ends without a newline
  #endif
..\USER\inc\erection.h(9): warning:  #1-D: last line of file ends without a newline
  #endif
..\..\Libraries\seekfree\SEEKFREE_OLED.c: 2 warnings, 0 errors
compiling SEEKFREE_TSL1401.c...
..\USER\inc\angle.h(11): warning:  #1-D: last line of file ends without a newline
  #endif
..\USER\inc\erection.h(9): warning:  #1-D: last line of file ends without a newline
  #endif
..\..\Libraries\seekfree\SEEKFREE_TSL1401.c: 2 warnings, 0 errors
compiling main.c...
..\USER\inc\angle.h(11): warning:  #1-D: last line of file ends without a newline
  #endif
..\USER\inc\erection.h(9): warning:  #1-D: last line of file ends without a newline
  #endif
..\USER\src\main.c: 2 warnings, 0 errors
compiling isr.c...
..\USER\inc\angle.h(11): warning:  #1-D: last line of file ends without a newline
  #endif
..\USER\inc\erection.h(9): warning:  #1-D: last line of file ends without a newline
  #endif
..\USER\src\isr.c: 2 warnings, 0 errors
compiling angle.c...
..\USER\inc\angle.h(11): warning:  #1-D: last line of file ends without a newline
  #endif
..\USER\inc\erection.h(9): warning:  #1-D: last line of file ends without a newline
  #endif
..\USER\inc\angle.h(11): warning:  #1-D: last line of file ends without a newline
  #endif
..\USER\src\angle.c(59): warning:  #550-D: variable "mid_temp" was set but never used
      float mid_temp;//互补?诤??瞬??屑?量																
..\USER\src\angle.c: 4 warnings, 0 errors
compiling erection.c...
..\USER\inc\angle.h(11): warning:  #1-D: last line of file ends without a newline
  #endif
..\USER\inc\erection.h(9): warning:  #1-D: last line of file ends without a newline
  #endif
..\USER\inc\erection.h(9): warning:  #1-D: last line of file ends without a newline
  #endif
..\USER\src\erection.c: 3 warnings, 0 errors
linking...
Program Size: Code=7184 RO-data=352 RW-data=56 ZI-data=1024  
".\Objects\KEA128.axf" - 0 Error(s), 59 Warning(s).

<h2>Collection of Component include folders:</h2>
  F:\13届飞卡参考资料\购买KEA系统板后的资料\逐飞科技KEA128库V2.2.9\KEA128\Projecct\MDK\RTE
  C:\Keil_v5\ARM\PACK\Keil\Kinetis_KEAxx_DFP\1.3.0\Device\Include

<h2>Collection of Component Files used:</h2>
Build Time Elapsed:  00:00:11
</pre>
</body>
</html>
